Archive member included to satisfy reference by file (symbol)

c:/st/stm32cubeide_1.0.2/stm32cubeide/plugins/com.st.stm32cube.ide.mcu.externaltools.gnu-tools-for-stm32.7-2018-q2-update.win32_1.0.0.201904181610/tools/bin/../lib/gcc/arm-none-eabi/7.3.1/../../../../arm-none-eabi/lib/thumb/v7e-m/fpv4-sp/hard\libc_nano.a(lib_a-errno.o)
                              Src/syscalls.o (__errno)
c:/st/stm32cubeide_1.0.2/stm32cubeide/plugins/com.st.stm32cube.ide.mcu.externaltools.gnu-tools-for-stm32.7-2018-q2-update.win32_1.0.0.201904181610/tools/bin/../lib/gcc/arm-none-eabi/7.3.1/../../../../arm-none-eabi/lib/thumb/v7e-m/fpv4-sp/hard\libc_nano.a(lib_a-exit.o)
                              c:/st/stm32cubeide_1.0.2/stm32cubeide/plugins/com.st.stm32cube.ide.mcu.externaltools.gnu-tools-for-stm32.7-2018-q2-update.win32_1.0.0.201904181610/tools/bin/../lib/gcc/arm-none-eabi/7.3.1/../../../../arm-none-eabi/lib/thumb/v7e-m/fpv4-sp/hard/crt0.o (exit)
c:/st/stm32cubeide_1.0.2/stm32cubeide/plugins/com.st.stm32cube.ide.mcu.externaltools.gnu-tools-for-stm32.7-2018-q2-update.win32_1.0.0.201904181610/tools/bin/../lib/gcc/arm-none-eabi/7.3.1/../../../../arm-none-eabi/lib/thumb/v7e-m/fpv4-sp/hard\libc_nano.a(lib_a-impure.o)
                              c:/st/stm32cubeide_1.0.2/stm32cubeide/plugins/com.st.stm32cube.ide.mcu.externaltools.gnu-tools-for-stm32.7-2018-q2-update.win32_1.0.0.201904181610/tools/bin/../lib/gcc/arm-none-eabi/7.3.1/../../../../arm-none-eabi/lib/thumb/v7e-m/fpv4-sp/hard\libc_nano.a(lib_a-exit.o) (_global_impure_ptr)
c:/st/stm32cubeide_1.0.2/stm32cubeide/plugins/com.st.stm32cube.ide.mcu.externaltools.gnu-tools-for-stm32.7-2018-q2-update.win32_1.0.0.201904181610/tools/bin/../lib/gcc/arm-none-eabi/7.3.1/../../../../arm-none-eabi/lib/thumb/v7e-m/fpv4-sp/hard\libc_nano.a(lib_a-init.o)
                              c:/st/stm32cubeide_1.0.2/stm32cubeide/plugins/com.st.stm32cube.ide.mcu.externaltools.gnu-tools-for-stm32.7-2018-q2-update.win32_1.0.0.201904181610/tools/bin/../lib/gcc/arm-none-eabi/7.3.1/../../../../arm-none-eabi/lib/thumb/v7e-m/fpv4-sp/hard/crt0.o (__libc_init_array)
c:/st/stm32cubeide_1.0.2/stm32cubeide/plugins/com.st.stm32cube.ide.mcu.externaltools.gnu-tools-for-stm32.7-2018-q2-update.win32_1.0.0.201904181610/tools/bin/../lib/gcc/arm-none-eabi/7.3.1/../../../../arm-none-eabi/lib/thumb/v7e-m/fpv4-sp/hard\libc_nano.a(lib_a-memset.o)
                              c:/st/stm32cubeide_1.0.2/stm32cubeide/plugins/com.st.stm32cube.ide.mcu.externaltools.gnu-tools-for-stm32.7-2018-q2-update.win32_1.0.0.201904181610/tools/bin/../lib/gcc/arm-none-eabi/7.3.1/../../../../arm-none-eabi/lib/thumb/v7e-m/fpv4-sp/hard/crt0.o (memset)

Allocating common symbols
Common symbol       size              file

last_adc_channel    0x4               Src/main.o
htim8               0x40              Src/main.o
htim4               0x40              Src/main.o
hadc2               0x6c              Src/main.o
calcCRC             0x4               Src/main.o
hiwdg               0x10              Src/main.o
checkCRC            0x4               Src/main.o
hdma_tim8_ch1       0x60              Src/main.o
uwTick              0x4               Drivers/STM32G4xx_HAL_Driver/Src/stm32g4xx_hal.o
dshotcommand        0x4               Src/main.o
hadc1               0x6c              Src/main.o
upthiszctime        0x4               Src/main.o
difference          0x4               Src/main.o
zc_counts           0x4               Src/main.o
bemfcounter         0x4               Src/main.o
dma_buffer          0x100             Src/main.o
wait_time           0x4               Src/main.o
blanktime           0x4               Src/main.o
htim1               0x40              Src/main.o
thiszctime          0x4               Src/main.o
htim2               0x40              Src/main.o
lastzctime          0x4               Src/main.o
htim16              0x40              Src/main.o
ADC1ConvertedValues
                    0x4               Src/main.o
uplastzctime        0x4               Src/main.o

Discarded input sections

 .text          0x0000000000000000        0x0 c:/st/stm32cubeide_1.0.2/stm32cubeide/plugins/com.st.stm32cube.ide.mcu.externaltools.gnu-tools-for-stm32.7-2018-q2-update.win32_1.0.0.201904181610/tools/bin/../lib/gcc/arm-none-eabi/7.3.1/thumb/v7e-m/fpv4-sp/hard/crti.o
 .data          0x0000000000000000        0x0 c:/st/stm32cubeide_1.0.2/stm32cubeide/plugins/com.st.stm32cube.ide.mcu.externaltools.gnu-tools-for-stm32.7-2018-q2-update.win32_1.0.0.201904181610/tools/bin/../lib/gcc/arm-none-eabi/7.3.1/thumb/v7e-m/fpv4-sp/hard/crti.o
 .bss           0x0000000000000000        0x0 c:/st/stm32cubeide_1.0.2/stm32cubeide/plugins/com.st.stm32cube.ide.mcu.externaltools.gnu-tools-for-stm32.7-2018-q2-update.win32_1.0.0.201904181610/tools/bin/../lib/gcc/arm-none-eabi/7.3.1/thumb/v7e-m/fpv4-sp/hard/crti.o
[...]
Memory Configuration

Name             Origin             Length             Attributes
RAM              0x0000000020000000 0x0000000000008000 xrw
FLASH            0x0000000008000000 0x0000000000020000 xr
*default*        0x0000000000000000 0xffffffffffffffff

Linker script and memory map

LOAD c:/st/stm32cubeide_1.0.2/stm32cubeide/plugins/com.st.stm32cube.ide.mcu.externaltools.gnu-tools-for-stm32.7-2018-q2-update.win32_1.0.0.201904181610/tools/bin/../lib/gcc/arm-none-eabi/7.3.1/thumb/v7e-m/fpv4-sp/hard/crti.o
LOAD c:/st/stm32cubeide_1.0.2/stm32cubeide/plugins/com.st.stm32cube.ide.mcu.externaltools.gnu-tools-for-stm32.7-2018-q2-update.win32_1.0.0.201904181610/tools/bin/../lib/gcc/arm-none-eabi/7.3.1/thumb/v7e-m/fpv4-sp/hard/crtbegin.o
LOAD c:/st/stm32cubeide_1.0.2/stm32cubeide/plugins/com.st.stm32cube.ide.mcu.externaltools.gnu-tools-for-stm32.7-2018-q2-update.win32_1.0.0.201904181610/tools/bin/../lib/gcc/arm-none-eabi/7.3.1/../../../../arm-none-eabi/lib/thumb/v7e-m/fpv4-sp/hard/crt0.o
LOAD Drivers/STM32G4xx_HAL_Driver/Src/stm32g4xx_hal.o
LOAD Drivers/STM32G4xx_HAL_Driver/Src/stm32g4xx_hal_adc.o
LOAD Drivers/STM32G4xx_HAL_Driver/Src/stm32g4xx_hal_adc_ex.o
LOAD Drivers/STM32G4xx_HAL_Driver/Src/stm32g4xx_hal_cortex.o
LOAD Drivers/STM32G4xx_HAL_Driver/Src/stm32g4xx_hal_dma.o
LOAD Drivers/STM32G4xx_HAL_Driver/Src/stm32g4xx_hal_dma_ex.o
LOAD Drivers/STM32G4xx_HAL_Driver/Src/stm32g4xx_hal_exti.o
LOAD Drivers/STM32G4xx_HAL_Driver/Src/stm32g4xx_hal_flash.o
LOAD Drivers/STM32G4xx_HAL_Driver/Src/stm32g4xx_hal_flash_ex.o
LOAD Drivers/STM32G4xx_HAL_Driver/Src/stm32g4xx_hal_flash_ramfunc.o
LOAD Drivers/STM32G4xx_HAL_Driver/Src/stm32g4xx_hal_gpio.o
LOAD Drivers/STM32G4xx_HAL_Driver/Src/stm32g4xx_hal_iwdg.o
LOAD Drivers/STM32G4xx_HAL_Driver/Src/stm32g4xx_hal_pwr.o
LOAD Drivers/STM32G4xx_HAL_Driver/Src/stm32g4xx_hal_pwr_ex.o
LOAD Drivers/STM32G4xx_HAL_Driver/Src/stm32g4xx_hal_rcc.o
LOAD Drivers/STM32G4xx_HAL_Driver/Src/stm32g4xx_hal_rcc_ex.o
LOAD Drivers/STM32G4xx_HAL_Driver/Src/stm32g4xx_hal_tim.o
LOAD Drivers/STM32G4xx_HAL_Driver/Src/stm32g4xx_hal_tim_ex.o
LOAD Drivers/STM32G4xx_HAL_Driver/Src/stm32g4xx_ll_adc.o
LOAD Drivers/STM32G4xx_HAL_Driver/Src/stm32g4xx_ll_exti.o
LOAD Drivers/STM32G4xx_HAL_Driver/Src/stm32g4xx_ll_gpio.o
LOAD Drivers/STM32G4xx_HAL_Driver/Src/stm32g4xx_ll_pwr.o
LOAD Drivers/STM32G4xx_HAL_Driver/Src/stm32g4xx_ll_utils.o
LOAD Src/main.o
LOAD Src/stm32g4xx_hal_msp.o
LOAD Src/stm32g4xx_it.o
LOAD Src/syscalls.o
LOAD Src/sysmem.o
LOAD Src/system_stm32g4xx.o
LOAD Startup/startup_stm32g431kbux.o
START GROUP
LOAD c:/st/stm32cubeide_1.0.2/stm32cubeide/plugins/com.st.stm32cube.ide.mcu.externaltools.gnu-tools-for-stm32.7-2018-q2-update.win32_1.0.0.201904181610/tools/bin/../lib/gcc/arm-none-eabi/7.3.1/../../../../arm-none-eabi/lib/thumb/v7e-m/fpv4-sp/hard\libc_nano.a
LOAD c:/st/stm32cubeide_1.0.2/stm32cubeide/plugins/com.st.stm32cube.ide.mcu.externaltools.gnu-tools-for-stm32.7-2018-q2-update.win32_1.0.0.201904181610/tools/bin/../lib/gcc/arm-none-eabi/7.3.1/../../../../arm-none-eabi/lib/thumb/v7e-m/fpv4-sp/hard\libm.a
END GROUP
START GROUP
LOAD c:/st/stm32cubeide_1.0.2/stm32cubeide/plugins/com.st.stm32cube.ide.mcu.externaltools.gnu-tools-for-stm32.7-2018-q2-update.win32_1.0.0.201904181610/tools/bin/../lib/gcc/arm-none-eabi/7.3.1/thumb/v7e-m/fpv4-sp/hard\libgcc.a
LOAD c:/st/stm32cubeide_1.0.2/stm32cubeide/plugins/com.st.stm32cube.ide.mcu.externaltools.gnu-tools-for-stm32.7-2018-q2-update.win32_1.0.0.201904181610/tools/bin/../lib/gcc/arm-none-eabi/7.3.1/../../../../arm-none-eabi/lib/thumb/v7e-m/fpv4-sp/hard\libc_nano.a
END GROUP
START GROUP
LOAD c:/st/stm32cubeide_1.0.2/stm32cubeide/plugins/com.st.stm32cube.ide.mcu.externaltools.gnu-tools-for-stm32.7-2018-q2-update.win32_1.0.0.201904181610/tools/bin/../lib/gcc/arm-none-eabi/7.3.1/thumb/v7e-m/fpv4-sp/hard\libgcc.a
LOAD c:/st/stm32cubeide_1.0.2/stm32cubeide/plugins/com.st.stm32cube.ide.mcu.externaltools.gnu-tools-for-stm32.7-2018-q2-update.win32_1.0.0.201904181610/tools/bin/../lib/gcc/arm-none-eabi/7.3.1/../../../../arm-none-eabi/lib/thumb/v7e-m/fpv4-sp/hard\libc_nano.a
LOAD c:/st/stm32cubeide_1.0.2/stm32cubeide/plugins/com.st.stm32cube.ide.mcu.externaltools.gnu-tools-for-stm32.7-2018-q2-update.win32_1.0.0.201904181610/tools/bin/../lib/gcc/arm-none-eabi/7.3.1/../../../../arm-none-eabi/lib/thumb/v7e-m/fpv4-sp/hard\libnosys.a
END GROUP
START GROUP
LOAD c:/st/stm32cubeide_1.0.2/stm32cubeide/plugins/com.st.stm32cube.ide.mcu.externaltools.gnu-tools-for-stm32.7-2018-q2-update.win32_1.0.0.201904181610/tools/bin/../lib/gcc/arm-none-eabi/7.3.1/thumb/v7e-m/fpv4-sp/hard\libgcc.a
LOAD c:/st/stm32cubeide_1.0.2/stm32cubeide/plugins/com.st.stm32cube.ide.mcu.externaltools.gnu-tools-for-stm32.7-2018-q2-update.win32_1.0.0.201904181610/tools/bin/../lib/gcc/arm-none-eabi/7.3.1/../../../../arm-none-eabi/lib/thumb/v7e-m/fpv4-sp/hard\libc_nano.a
LOAD c:/st/stm32cubeide_1.0.2/stm32cubeide/plugins/com.st.stm32cube.ide.mcu.externaltools.gnu-tools-for-stm32.7-2018-q2-update.win32_1.0.0.201904181610/tools/bin/../lib/gcc/arm-none-eabi/7.3.1/../../../../arm-none-eabi/lib/thumb/v7e-m/fpv4-sp/hard\libnosys.a
END GROUP
LOAD c:/st/stm32cubeide_1.0.2/stm32cubeide/plugins/com.st.stm32cube.ide.mcu.externaltools.gnu-tools-for-stm32.7-2018-q2-update.win32_1.0.0.201904181610/tools/bin/../lib/gcc/arm-none-eabi/7.3.1/thumb/v7e-m/fpv4-sp/hard/crtend.o
LOAD c:/st/stm32cubeide_1.0.2/stm32cubeide/plugins/com.st.stm32cube.ide.mcu.externaltools.gnu-tools-for-stm32.7-2018-q2-update.win32_1.0.0.201904181610/tools/bin/../lib/gcc/arm-none-eabi/7.3.1/thumb/v7e-m/fpv4-sp/hard/crtn.o
                0x0000000020008000                _estack = 0x20008000
                0x0000000000000200                _Min_Heap_Size = 0x200
                0x0000000000000400                _Min_Stack_Size = 0x400

.isr_vector     0x0000000008000000      0x1d8
                0x0000000008000000                . = ALIGN (0x4)
 *(.isr_vector)
 .isr_vector    0x0000000008000000      0x1d8 Startup/startup_stm32g431kbux.o
                0x0000000008000000                g_pfnVectors
                0x00000000080001d8                . = ALIGN (0x4)

.text           0x00000000080001d8     0x7c3c
                0x00000000080001d8                . = ALIGN (0x4)
 *(.text)
 .text          0x00000000080001d8       0x40 c:/st/stm32cubeide_1.0.2/stm32cubeide/plugins/com.st.stm32cube.ide.mcu.externaltools.gnu-tools-for-stm32.7-2018-q2-update.win32_1.0.0.201904181610/tools/bin/../lib/gcc/arm-none-eabi/7.3.1/thumb/v7e-m/fpv4-sp/hard/crtbegin.o
 *(.text*)
 .text.HAL_Init
                0x0000000008000218       0x30 Drivers/STM32G4xx_HAL_Driver/Src/stm32g4xx_hal.o
                0x0000000008000218                HAL_Init
 .text.HAL_InitTick
                0x0000000008000248       0x74 Drivers/STM32G4xx_HAL_Driver/Src/stm32g4xx_hal.o
                0x0000000008000248                HAL_InitTick
 .text.HAL_IncTick
                0x00000000080002bc       0x24 Drivers/STM32G4xx_HAL_Driver/Src/stm32g4xx_hal.o
                0x00000000080002bc                HAL_IncTick
 .text.HAL_GetTick
                0x00000000080002e0       0x18 Drivers/STM32G4xx_HAL_Driver/Src/stm32g4xx_hal.o
                0x00000000080002e0                HAL_GetTick
 .text.HAL_Delay
                0x00000000080002f8       0x44 Drivers/STM32G4xx_HAL_Driver/Src/stm32g4xx_hal.o
                0x00000000080002f8                HAL_Delay
 .text.LL_ADC_SetCommonClock
                0x000000000800033c       0x26 Drivers/STM32G4xx_HAL_Driver/Src/stm32g4xx_hal_adc.o
 .text.LL_ADC_SetCommonPathInternalCh
                0x0000000008000362       0x26 Drivers/STM32G4xx_HAL_Driver/Src/stm32g4xx_hal_adc.o
 .text.LL_ADC_GetCommonPathInternalCh
                0x0000000008000388       0x1c Drivers/STM32G4xx_HAL_Driver/Src/stm32g4xx_hal_adc.o
 .text.LL_ADC_SetOffset
                0x00000000080003a4       0x44 Drivers/STM32G4xx_HAL_Driver/Src/stm32g4xx_hal_adc.o
 .text.LL_ADC_GetOffsetChannel
                0x00000000080003e8       0x28 Drivers/STM32G4xx_HAL_Driver/Src/stm32g4xx_hal_adc.o
 .text.LL_ADC_SetOffsetState
                0x0000000008000410       0x30 Drivers/STM32G4xx_HAL_Driver/Src/stm32g4xx_hal_adc.o
 .text.LL_ADC_SetOffsetSign
                0x0000000008000440       0x30 Drivers/STM32G4xx_HAL_Driver/Src/stm32g4xx_hal_adc.o
 .text.LL_ADC_SetOffsetSaturation
                0x0000000008000470       0x30 Drivers/STM32G4xx_HAL_Driver/Src/stm32g4xx_hal_adc.o
 .text.LL_ADC_SetSamplingTimeCommonConfig
                0x00000000080004a0       0x26 Drivers/STM32G4xx_HAL_Driver/Src/stm32g4xx_hal_adc.o
 .text.LL_ADC_REG_IsTriggerSourceSWStart
                0x00000000080004c6       0x26 Drivers/STM32G4xx_HAL_Driver/Src/stm32g4xx_hal_adc.o
 .text.LL_ADC_REG_SetSequencerRanks
                0x00000000080004ec       0x52 Drivers/STM32G4xx_HAL_Driver/Src/stm32g4xx_hal_adc.o
 .text.LL_ADC_INJ_IsTriggerSourceSWStart
                0x000000000800053e       0x26 Drivers/STM32G4xx_HAL_Driver/Src/stm32g4xx_hal_adc.o
 .text.LL_ADC_SetChannelSamplingTime
                0x0000000008000564       0x50 Drivers/STM32G4xx_HAL_Driver/Src/stm32g4xx_hal_adc.o
 .text.LL_ADC_SetChannelSingleDiff
                0x00000000080005b4       0x48 Drivers/STM32G4xx_HAL_Driver/Src/stm32g4xx_hal_adc.o
 .text.LL_ADC_GetMultimode
                0x00000000080005fc       0x1c Drivers/STM32G4xx_HAL_Driver/Src/stm32g4xx_hal_adc.o
 .text.LL_ADC_GetMultiDMATransfer
                0x0000000008000618       0x1c Drivers/STM32G4xx_HAL_Driver/Src/stm32g4xx_hal_adc.o
 .text.LL_ADC_DisableDeepPowerDown
                0x0000000008000634       0x24 Drivers/STM32G4xx_HAL_Driver/Src/stm32g4xx_hal_adc.o
 .text.LL_ADC_IsDeepPowerDownEnabled
                0x0000000008000658       0x28 Drivers/STM32G4xx_HAL_Driver/Src/stm32g4xx_hal_adc.o
 .text.LL_ADC_EnableInternalRegulator
                0x0000000008000680       0x28 Drivers/STM32G4xx_HAL_Driver/Src/stm32g4xx_hal_adc.o
 .text.LL_ADC_IsInternalRegulatorEnabled
                0x00000000080006a8       0x28 Drivers/STM32G4xx_HAL_Driver/Src/stm32g4xx_hal_adc.o
 .text.LL_ADC_Enable
                0x00000000080006d0       0x28 Drivers/STM32G4xx_HAL_Driver/Src/stm32g4xx_hal_adc.o
 .text.LL_ADC_Disable
                0x00000000080006f8       0x28 Drivers/STM32G4xx_HAL_Driver/Src/stm32g4xx_hal_adc.o
 .text.LL_ADC_IsEnabled
                0x0000000008000720       0x26 Drivers/STM32G4xx_HAL_Driver/Src/stm32g4xx_hal_adc.o
 .text.LL_ADC_IsDisableOngoing
                0x0000000008000746       0x26 Drivers/STM32G4xx_HAL_Driver/Src/stm32g4xx_hal_adc.o
 .text.LL_ADC_REG_StartConversion
                0x000000000800076c       0x28 Drivers/STM32G4xx_HAL_Driver/Src/stm32g4xx_hal_adc.o
 .text.LL_ADC_REG_StopConversion
                0x0000000008000794       0x28 Drivers/STM32G4xx_HAL_Driver/Src/stm32g4xx_hal_adc.o
 .text.LL_ADC_REG_IsConversionOngoing
                0x00000000080007bc       0x26 Drivers/STM32G4xx_HAL_Driver/Src/stm32g4xx_hal_adc.o
 .text.LL_ADC_INJ_StopConversion
                0x00000000080007e2       0x28 Drivers/STM32G4xx_HAL_Driver/Src/stm32g4xx_hal_adc.o
 .text.LL_ADC_INJ_IsConversionOngoing
                0x000000000800080a       0x26 Drivers/STM32G4xx_HAL_Driver/Src/stm32g4xx_hal_adc.o
 .text.HAL_ADC_Init
                0x0000000008000830      0x310 Drivers/STM32G4xx_HAL_Driver/Src/stm32g4xx_hal_adc.o
                0x0000000008000830                HAL_ADC_Init
 .text.HAL_ADC_Start_IT
                0x0000000008000b40      0x268 Drivers/STM32G4xx_HAL_Driver/Src/stm32g4xx_hal_adc.o
                0x0000000008000b40                HAL_ADC_Start_IT
 .text.HAL_ADC_Stop_IT
                0x0000000008000da8       0x76 Drivers/STM32G4xx_HAL_Driver/Src/stm32g4xx_hal_adc.o
                0x0000000008000da8                HAL_ADC_Stop_IT
 .text.HAL_ADC_GetValue
                0x0000000008000e1e       0x1a Drivers/STM32G4xx_HAL_Driver/Src/stm32g4xx_hal_adc.o
                0x0000000008000e1e                HAL_ADC_GetValue
 .text.HAL_ADC_IRQHandler
                0x0000000008000e38      0x434 Drivers/STM32G4xx_HAL_Driver/Src/stm32g4xx_hal_adc.o
                0x0000000008000e38                HAL_ADC_IRQHandler
 .text.HAL_ADC_LevelOutOfWindowCallback
                0x000000000800126c       0x14 Drivers/STM32G4xx_HAL_Driver/Src/stm32g4xx_hal_adc.o
                0x000000000800126c                HAL_ADC_LevelOutOfWindowCallback
 .text.HAL_ADC_ErrorCallback
                0x0000000008001280       0x14 Drivers/STM32G4xx_HAL_Driver/Src/stm32g4xx_hal_adc.o
                0x0000000008001280                HAL_ADC_ErrorCallback
 .text.HAL_ADC_ConfigChannel
                0x0000000008001294      0x6c8 Drivers/STM32G4xx_HAL_Driver/Src/stm32g4xx_hal_adc.o
                0x0000000008001294                HAL_ADC_ConfigChannel
 .text.ADC_ConversionStop
                0x000000000800195c      0x168 Drivers/STM32G4xx_HAL_Driver/Src/stm32g4xx_hal_adc.o
                0x000000000800195c                ADC_ConversionStop
 .text.ADC_Enable
                0x0000000008001ac4       0xb4 Drivers/STM32G4xx_HAL_Driver/Src/stm32g4xx_hal_adc.o
                0x0000000008001ac4                ADC_Enable
 .text.ADC_Disable
                0x0000000008001b78       0xb0 Drivers/STM32G4xx_HAL_Driver/Src/stm32g4xx_hal_adc.o
                0x0000000008001b78                ADC_Disable
 .text.LL_ADC_IsEnabled
                0x0000000008001c28       0x26 Drivers/STM32G4xx_HAL_Driver/Src/stm32g4xx_hal_adc_ex.o
 .text.LL_ADC_REG_IsConversionOngoing
                0x0000000008001c4e       0x26 Drivers/STM32G4xx_HAL_Driver/Src/stm32g4xx_hal_adc_ex.o
 .text.HAL_ADCEx_InjectedConvCpltCallback
                0x0000000008001c74       0x14 Drivers/STM32G4xx_HAL_Driver/Src/stm32g4xx_hal_adc_ex.o
                0x0000000008001c74                HAL_ADCEx_InjectedConvCpltCallback
 .text.HAL_ADCEx_InjectedQueueOverflowCallback
                0x0000000008001c88       0x14 Drivers/STM32G4xx_HAL_Driver/Src/stm32g4xx_hal_adc_ex.o
                0x0000000008001c88                HAL_ADCEx_InjectedQueueOverflowCallback
 .text.HAL_ADCEx_LevelOutOfWindow2Callback
                0x0000000008001c9c       0x14 Drivers/STM32G4xx_HAL_Driver/Src/stm32g4xx_hal_adc_ex.o
                0x0000000008001c9c                HAL_ADCEx_LevelOutOfWindow2Callback
 .text.HAL_ADCEx_LevelOutOfWindow3Callback
                0x0000000008001cb0       0x14 Drivers/STM32G4xx_HAL_Driver/Src/stm32g4xx_hal_adc_ex.o
                0x0000000008001cb0                HAL_ADCEx_LevelOutOfWindow3Callback
 .text.HAL_ADCEx_EndOfSamplingCallback
                0x0000000008001cc4       0x14 Drivers/STM32G4xx_HAL_Driver/Src/stm32g4xx_hal_adc_ex.o
                0x0000000008001cc4                HAL_ADCEx_EndOfSamplingCallback
 .text.HAL_ADCEx_MultiModeConfigChannel
                0x0000000008001cd8      0x140 Drivers/STM32G4xx_HAL_Driver/Src/stm32g4xx_hal_adc_ex.o
                0x0000000008001cd8                HAL_ADCEx_MultiModeConfigChannel
 .text.__NVIC_SetPriorityGrouping
                0x0000000008001e18       0x48 Drivers/STM32G4xx_HAL_Driver/Src/stm32g4xx_hal_cortex.o
 .text.__NVIC_GetPriorityGrouping
                0x0000000008001e60       0x1c Drivers/STM32G4xx_HAL_Driver/Src/stm32g4xx_hal_cortex.o
 .text.__NVIC_EnableIRQ
                0x0000000008001e7c       0x3c Drivers/STM32G4xx_HAL_Driver/Src/stm32g4xx_hal_cortex.o
 .text.__NVIC_SetPriority
                0x0000000008001eb8       0x54 Drivers/STM32G4xx_HAL_Driver/Src/stm32g4xx_hal_cortex.o
 .text.NVIC_EncodePriority
                0x0000000008001f0c       0x66 Drivers/STM32G4xx_HAL_Driver/Src/stm32g4xx_hal_cortex.o
 *fill*         0x0000000008001f72        0x2 
 .text.SysTick_Config
                0x0000000008001f74       0x44 Drivers/STM32G4xx_HAL_Driver/Src/stm32g4xx_hal_cortex.o
 .text.HAL_NVIC_SetPriorityGrouping
                0x0000000008001fb8       0x16 Drivers/STM32G4xx_HAL_Driver/Src/stm32g4xx_hal_cortex.o
                0x0000000008001fb8                HAL_NVIC_SetPriorityGrouping
 .text.HAL_NVIC_SetPriority
                0x0000000008001fce       0x34 Drivers/STM32G4xx_HAL_Driver/Src/stm32g4xx_hal_cortex.o
                0x0000000008001fce                HAL_NVIC_SetPriority
 .text.HAL_NVIC_EnableIRQ
                0x0000000008002002       0x1c Drivers/STM32G4xx_HAL_Driver/Src/stm32g4xx_hal_cortex.o
                0x0000000008002002                HAL_NVIC_EnableIRQ
 .text.HAL_SYSTICK_Config
                0x000000000800201e       0x18 Drivers/STM32G4xx_HAL_Driver/Src/stm32g4xx_hal_cortex.o
                0x000000000800201e                HAL_SYSTICK_Config
 *fill*         0x0000000008002036        0x2 
 .text.HAL_DMA_Init
                0x0000000008002038      0x150 Drivers/STM32G4xx_HAL_Driver/Src/stm32g4xx_hal_dma.o
                0x0000000008002038                HAL_DMA_Init
 .text.HAL_DMA_Start_IT
                0x0000000008002188       0xf6 Drivers/STM32G4xx_HAL_Driver/Src/stm32g4xx_hal_dma.o
                0x0000000008002188                HAL_DMA_Start_IT
 .text.HAL_DMA_Abort_IT
                0x000000000800227e       0xce Drivers/STM32G4xx_HAL_Driver/Src/stm32g4xx_hal_dma.o
                0x000000000800227e                HAL_DMA_Abort_IT
 .text.HAL_DMA_IRQHandler
                0x000000000800234c      0x15e Drivers/STM32G4xx_HAL_Driver/Src/stm32g4xx_hal_dma.o
                0x000000000800234c                HAL_DMA_IRQHandler
 .text.DMA_SetConfig
                0x00000000080024aa       0x7c Drivers/STM32G4xx_HAL_Driver/Src/stm32g4xx_hal_dma.o
 *fill*         0x0000000008002526        0x2 
 .text.DMA_CalcDMAMUXChannelBaseAndMask
                0x0000000008002528       0x7c Drivers/STM32G4xx_HAL_Driver/Src/stm32g4xx_hal_dma.o
 .text.DMA_CalcDMAMUXRequestGenBaseAndMask
                0x00000000080025a4       0x48 Drivers/STM32G4xx_HAL_Driver/Src/stm32g4xx_hal_dma.o
 .text.HAL_GPIO_Init
                0x00000000080025ec      0x304 Drivers/STM32G4xx_HAL_Driver/Src/stm32g4xx_hal_gpio.o
                0x00000000080025ec                HAL_GPIO_Init
 .text.HAL_GPIO_ReadPin
                0x00000000080028f0       0x30 Drivers/STM32G4xx_HAL_Driver/Src/stm32g4xx_hal_gpio.o
                0x00000000080028f0                HAL_GPIO_ReadPin
 .text.HAL_GPIO_TogglePin
                0x0000000008002920       0x32 Drivers/STM32G4xx_HAL_Driver/Src/stm32g4xx_hal_gpio.o
                0x0000000008002920                HAL_GPIO_TogglePin
 .text.HAL_IWDG_Init
                0x0000000008002952       0x8c Drivers/STM32G4xx_HAL_Driver/Src/stm32g4xx_hal_iwdg.o
                0x0000000008002952                HAL_IWDG_Init
 .text.HAL_IWDG_Refresh
                0x00000000080029de       0x20 Drivers/STM32G4xx_HAL_Driver/Src/stm32g4xx_hal_iwdg.o
                0x00000000080029de                HAL_IWDG_Refresh
 *fill*         0x00000000080029fe        0x2 
 .text.HAL_PWREx_ControlVoltageScaling
                0x0000000008002a00      0x148 Drivers/STM32G4xx_HAL_Driver/Src/stm32g4xx_hal_pwr_ex.o
                0x0000000008002a00                HAL_PWREx_ControlVoltageScaling
 .text.HAL_RCC_OscConfig
                0x0000000008002b48      0x630 Drivers/STM32G4xx_HAL_Driver/Src/stm32g4xx_hal_rcc.o
                0x0000000008002b48                HAL_RCC_OscConfig
 .text.HAL_RCC_ClockConfig
                0x0000000008003178      0x278 Drivers/STM32G4xx_HAL_Driver/Src/stm32g4xx_hal_rcc.o
                0x0000000008003178                HAL_RCC_ClockConfig
 .text.HAL_RCC_GetSysClockFreq
                0x00000000080033f0       0xc4 Drivers/STM32G4xx_HAL_Driver/Src/stm32g4xx_hal_rcc.o
                0x00000000080033f0                HAL_RCC_GetSysClockFreq
 .text.RCC_GetSysClockFreqFromPLLSource
                0x00000000080034b4       0x8c Drivers/STM32G4xx_HAL_Driver/Src/stm32g4xx_hal_rcc.o
 .text.HAL_RCCEx_PeriphCLKConfig
                0x0000000008003540      0x3e0 Drivers/STM32G4xx_HAL_Driver/Src/stm32g4xx_hal_rcc_ex.o
                0x0000000008003540                HAL_RCCEx_PeriphCLKConfig
 .text.HAL_TIM_Base_Init
                0x0000000008003920       0x56 Drivers/STM32G4xx_HAL_Driver/Src/stm32g4xx_hal_tim.o
                0x0000000008003920                HAL_TIM_Base_Init
 *fill*         0x0000000008003976        0x2 
 .text.HAL_TIM_Base_Start
                0x0000000008003978       0x54 Drivers/STM32G4xx_HAL_Driver/Src/stm32g4xx_hal_tim.o
                0x0000000008003978                HAL_TIM_Base_Start
 .text.HAL_TIM_Base_Stop
                0x00000000080039cc       0x56 Drivers/STM32G4xx_HAL_Driver/Src/stm32g4xx_hal_tim.o
                0x00000000080039cc                HAL_TIM_Base_Stop
 *fill*         0x0000000008003a22        0x2 
 .text.HAL_TIM_Base_Start_IT
                0x0000000008003a24       0x54 Drivers/STM32G4xx_HAL_Driver/Src/stm32g4xx_hal_tim.o
                0x0000000008003a24                HAL_TIM_Base_Start_IT
 .text.HAL_TIM_OC_Init
                0x0000000008003a78       0x56 Drivers/STM32G4xx_HAL_Driver/Src/stm32g4xx_hal_tim.o
                0x0000000008003a78                HAL_TIM_OC_Init
 *fill*         0x0000000008003ace        0x2 
 .text.HAL_TIM_OC_Start
                0x0000000008003ad0       0xb0 Drivers/STM32G4xx_HAL_Driver/Src/stm32g4xx_hal_tim.o
                0x0000000008003ad0                HAL_TIM_OC_Start
 .text.HAL_TIM_PWM_Init
                0x0000000008003b80       0x56 Drivers/STM32G4xx_HAL_Driver/Src/stm32g4xx_hal_tim.o
                0x0000000008003b80                HAL_TIM_PWM_Init
 *fill*         0x0000000008003bd6        0x2 
 .text.HAL_TIM_PWM_Start
                0x0000000008003bd8       0xb0 Drivers/STM32G4xx_HAL_Driver/Src/stm32g4xx_hal_tim.o
                0x0000000008003bd8                HAL_TIM_PWM_Start
 .text.HAL_TIM_IC_Init
                0x0000000008003c88       0x56 Drivers/STM32G4xx_HAL_Driver/Src/stm32g4xx_hal_tim.o
                0x0000000008003c88                HAL_TIM_IC_Init
 .text.HAL_TIM_IC_MspInit
                0x0000000008003cde       0x14 Drivers/STM32G4xx_HAL_Driver/Src/stm32g4xx_hal_tim.o
                0x0000000008003cde                HAL_TIM_IC_MspInit
 *fill*         0x0000000008003cf2        0x2 
 .text.HAL_TIM_IC_Start_DMA
                0x0000000008003cf4      0x1f8 Drivers/STM32G4xx_HAL_Driver/Src/stm32g4xx_hal_tim.o
                0x0000000008003cf4                HAL_TIM_IC_Start_DMA
 .text.HAL_TIM_IC_Stop_DMA
                0x0000000008003eec      0x110 Drivers/STM32G4xx_HAL_Driver/Src/stm32g4xx_hal_tim.o
                0x0000000008003eec                HAL_TIM_IC_Stop_DMA
 .text.HAL_TIM_IRQHandler
                0x0000000008003ffc      0x2fe Drivers/STM32G4xx_HAL_Driver/Src/stm32g4xx_hal_tim.o
                0x0000000008003ffc                HAL_TIM_IRQHandler
 *fill*         0x00000000080042fa        0x2 
 .text.HAL_TIM_OC_ConfigChannel
                0x00000000080042fc       0xfc Drivers/STM32G4xx_HAL_Driver/Src/stm32g4xx_hal_tim.o
                0x00000000080042fc                HAL_TIM_OC_ConfigChannel
 .text.HAL_TIM_IC_ConfigChannel
                0x00000000080043f8      0x138 Drivers/STM32G4xx_HAL_Driver/Src/stm32g4xx_hal_tim.o
                0x00000000080043f8                HAL_TIM_IC_ConfigChannel
 .text.HAL_TIM_PWM_ConfigChannel
                0x0000000008004530      0x230 Drivers/STM32G4xx_HAL_Driver/Src/stm32g4xx_hal_tim.o
                0x0000000008004530                HAL_TIM_PWM_ConfigChannel
 .text.HAL_TIM_ConfigClockSource
                0x0000000008004760      0x1bc Drivers/STM32G4xx_HAL_Driver/Src/stm32g4xx_hal_tim.o
                0x0000000008004760                HAL_TIM_ConfigClockSource
 .text.HAL_TIM_SlaveConfigSynchro
                0x000000000800491c       0x84 Drivers/STM32G4xx_HAL_Driver/Src/stm32g4xx_hal_tim.o
                0x000000000800491c                HAL_TIM_SlaveConfigSynchro
 .text.HAL_TIM_OC_DelayElapsedCallback
                0x00000000080049a0       0x14 Drivers/STM32G4xx_HAL_Driver/Src/stm32g4xx_hal_tim.o
                0x00000000080049a0                HAL_TIM_OC_DelayElapsedCallback
 .text.HAL_TIM_IC_CaptureCallback
                0x00000000080049b4       0x14 Drivers/STM32G4xx_HAL_Driver/Src/stm32g4xx_hal_tim.o
                0x00000000080049b4                HAL_TIM_IC_CaptureCallback
 .text.HAL_TIM_IC_CaptureHalfCpltCallback
                0x00000000080049c8       0x14 Drivers/STM32G4xx_HAL_Driver/Src/stm32g4xx_hal_tim.o
                0x00000000080049c8                HAL_TIM_IC_CaptureHalfCpltCallback
 .text.HAL_TIM_PWM_PulseFinishedCallback
                0x00000000080049dc       0x14 Drivers/STM32G4xx_HAL_Driver/Src/stm32g4xx_hal_tim.o
                0x00000000080049dc                HAL_TIM_PWM_PulseFinishedCallback
 .text.HAL_TIM_TriggerCallback
                0x00000000080049f0       0x14 Drivers/STM32G4xx_HAL_Driver/Src/stm32g4xx_hal_tim.o
                0x00000000080049f0                HAL_TIM_TriggerCallback
 .text.HAL_TIM_ErrorCallback
                0x0000000008004a04       0x14 Drivers/STM32G4xx_HAL_Driver/Src/stm32g4xx_hal_tim.o
                0x0000000008004a04                HAL_TIM_ErrorCallback
 .text.TIM_DMAError
                0x0000000008004a18       0x24 Drivers/STM32G4xx_HAL_Driver/Src/stm32g4xx_hal_tim.o
                0x0000000008004a18                TIM_DMAError
 .text.TIM_DMACaptureCplt
                0x0000000008004a3c       0x70 Drivers/STM32G4xx_HAL_Driver/Src/stm32g4xx_hal_tim.o
                0x0000000008004a3c                TIM_DMACaptureCplt
 .text.TIM_DMACaptureHalfCplt
                0x0000000008004aac       0x70 Drivers/STM32G4xx_HAL_Driver/Src/stm32g4xx_hal_tim.o
                0x0000000008004aac                TIM_DMACaptureHalfCplt
 .text.TIM_Base_SetConfig
                0x0000000008004b1c      0x120 Drivers/STM32G4xx_HAL_Driver/Src/stm32g4xx_hal_tim.o
                0x0000000008004b1c                TIM_Base_SetConfig
 .text.TIM_OC1_SetConfig
                0x0000000008004c3c      0x120 Drivers/STM32G4xx_HAL_Driver/Src/stm32g4xx_hal_tim.o
 .text.TIM_OC2_SetConfig
                0x0000000008004d5c      0x114 Drivers/STM32G4xx_HAL_Driver/Src/stm32g4xx_hal_tim.o
                0x0000000008004d5c                TIM_OC2_SetConfig
 .text.TIM_OC3_SetConfig
                0x0000000008004e70      0x110 Drivers/STM32G4xx_HAL_Driver/Src/stm32g4xx_hal_tim.o
 .text.TIM_OC4_SetConfig
                0x0000000008004f80      0x114 Drivers/STM32G4xx_HAL_Driver/Src/stm32g4xx_hal_tim.o
 .text.TIM_OC5_SetConfig
                0x0000000008005094       0xc8 Drivers/STM32G4xx_HAL_Driver/Src/stm32g4xx_hal_tim.o
 .text.TIM_OC6_SetConfig
                0x000000000800515c       0xcc Drivers/STM32G4xx_HAL_Driver/Src/stm32g4xx_hal_tim.o
 .text.TIM_SlaveTimer_SetConfig
                0x0000000008005228      0x160 Drivers/STM32G4xx_HAL_Driver/Src/stm32g4xx_hal_tim.o
 .text.TIM_TI1_SetConfig
                0x0000000008005388       0xd0 Drivers/STM32G4xx_HAL_Driver/Src/stm32g4xx_hal_tim.o
                0x0000000008005388                TIM_TI1_SetConfig
 .text.TIM_TI1_ConfigInputStage
                0x0000000008005458       0x5e Drivers/STM32G4xx_HAL_Driver/Src/stm32g4xx_hal_tim.o
 .text.TIM_TI2_SetConfig
                0x00000000080054b6       0x7a Drivers/STM32G4xx_HAL_Driver/Src/stm32g4xx_hal_tim.o
 .text.TIM_TI2_ConfigInputStage
                0x0000000008005530       0x60 Drivers/STM32G4xx_HAL_Driver/Src/stm32g4xx_hal_tim.o
 .text.TIM_TI3_SetConfig
                0x0000000008005590       0x78 Drivers/STM32G4xx_HAL_Driver/Src/stm32g4xx_hal_tim.o
 .text.TIM_TI4_SetConfig
                0x0000000008005608       0x7a Drivers/STM32G4xx_HAL_Driver/Src/stm32g4xx_hal_tim.o
 .text.TIM_ITRx_SetConfig
                0x0000000008005682       0x3a Drivers/STM32G4xx_HAL_Driver/Src/stm32g4xx_hal_tim.o
 .text.TIM_ETR_SetConfig
                0x00000000080056bc       0x40 Drivers/STM32G4xx_HAL_Driver/Src/stm32g4xx_hal_tim.o
                0x00000000080056bc                TIM_ETR_SetConfig
 .text.TIM_CCxChannelCmd
                0x00000000080056fc       0x4a Drivers/STM32G4xx_HAL_Driver/Src/stm32g4xx_hal_tim.o
                0x00000000080056fc                TIM_CCxChannelCmd
 *fill*         0x0000000008005746        0x2 
 .text.HAL_TIMEx_PWMN_Start
                0x0000000008005748       0x60 Drivers/STM32G4xx_HAL_Driver/Src/stm32g4xx_hal_tim_ex.o
                0x0000000008005748                HAL_TIMEx_PWMN_Start
 .text.HAL_TIMEx_MasterConfigSynchronization
                0x00000000080057a8       0xbc Drivers/STM32G4xx_HAL_Driver/Src/stm32g4xx_hal_tim_ex.o
                0x00000000080057a8                HAL_TIMEx_MasterConfigSynchronization
 .text.HAL_TIMEx_ConfigBreakDeadTime
                0x0000000008005864      0x140 Drivers/STM32G4xx_HAL_Driver/Src/stm32g4xx_hal_tim_ex.o
                0x0000000008005864                HAL_TIMEx_ConfigBreakDeadTime
 .text.HAL_TIMEx_CommutCallback
                0x00000000080059a4       0x14 Drivers/STM32G4xx_HAL_Driver/Src/stm32g4xx_hal_tim_ex.o
                0x00000000080059a4                HAL_TIMEx_CommutCallback
 .text.HAL_TIMEx_BreakCallback
                0x00000000080059b8       0x14 Drivers/STM32G4xx_HAL_Driver/Src/stm32g4xx_hal_tim_ex.o
                0x00000000080059b8                HAL_TIMEx_BreakCallback
 .text.HAL_TIMEx_Break2Callback
                0x00000000080059cc       0x14 Drivers/STM32G4xx_HAL_Driver/Src/stm32g4xx_hal_tim_ex.o
                0x00000000080059cc                HAL_TIMEx_Break2Callback
 .text.HAL_TIMEx_EncoderIndexCallback
                0x00000000080059e0       0x14 Drivers/STM32G4xx_HAL_Driver/Src/stm32g4xx_hal_tim_ex.o
                0x00000000080059e0                HAL_TIMEx_EncoderIndexCallback
 .text.HAL_TIMEx_DirectionChangeCallback
                0x00000000080059f4       0x14 Drivers/STM32G4xx_HAL_Driver/Src/stm32g4xx_hal_tim_ex.o
                0x00000000080059f4                HAL_TIMEx_DirectionChangeCallback
 .text.HAL_TIMEx_IndexErrorCallback
                0x0000000008005a08       0x14 Drivers/STM32G4xx_HAL_Driver/Src/stm32g4xx_hal_tim_ex.o
                0x0000000008005a08                HAL_TIMEx_IndexErrorCallback
 .text.HAL_TIMEx_TransitionErrorCallback
                0x0000000008005a1c       0x14 Drivers/STM32G4xx_HAL_Driver/Src/stm32g4xx_hal_tim_ex.o
                0x0000000008005a1c                HAL_TIMEx_TransitionErrorCallback
 .text.TIM_CCxNChannelCmd
                0x0000000008005a30       0x4a Drivers/STM32G4xx_HAL_Driver/Src/stm32g4xx_hal_tim_ex.o
 .text.LL_GPIO_SetPinMode
                0x0000000008005a7a       0x5e Drivers/STM32G4xx_HAL_Driver/Src/stm32g4xx_ll_gpio.o
 .text.LL_GPIO_SetPinOutputType
                0x0000000008005ad8       0x30 Drivers/STM32G4xx_HAL_Driver/Src/stm32g4xx_ll_gpio.o
 .text.LL_GPIO_SetPinSpeed
                0x0000000008005b08       0x5e Drivers/STM32G4xx_HAL_Driver/Src/stm32g4xx_ll_gpio.o
 .text.LL_GPIO_SetPinPull
                0x0000000008005b66       0x5e Drivers/STM32G4xx_HAL_Driver/Src/stm32g4xx_ll_gpio.o
 .text.LL_GPIO_SetAFPin_0_7
                0x0000000008005bc4       0x5e Drivers/STM32G4xx_HAL_Driver/Src/stm32g4xx_ll_gpio.o
 .text.LL_GPIO_SetAFPin_8_15
                0x0000000008005c22       0x62 Drivers/STM32G4xx_HAL_Driver/Src/stm32g4xx_ll_gpio.o
 .text.LL_GPIO_Init
                0x0000000008005c84       0xde Drivers/STM32G4xx_HAL_Driver/Src/stm32g4xx_ll_gpio.o
                0x0000000008005c84                LL_GPIO_Init
 .text.LL_GPIO_SetPinMode
                0x0000000008005d62       0x5e Src/main.o
 .text.LL_GPIO_ResetOutputPin
                0x0000000008005dc0       0x1c Src/main.o
 .text.LL_AHB2_GRP1_EnableClock
                0x0000000008005ddc       0x30 Src/main.o
 .text.map      0x0000000008005e0c       0x50 Src/main.o
                0x0000000008005e0c                map
 .text.phaseBPWM
                0x0000000008005e5c       0x24 Src/main.o
                0x0000000008005e5c                phaseBPWM
 .text.phaseBFLOAT
                0x0000000008005e80       0x38 Src/main.o
                0x0000000008005e80                phaseBFLOAT
 .text.phaseBLOW
                0x0000000008005eb8       0x38 Src/main.o
                0x0000000008005eb8                phaseBLOW
 .text.phaseAPWM
                0x0000000008005ef0       0x24 Src/main.o
                0x0000000008005ef0                phaseAPWM
 .text.phaseAFLOAT
                0x0000000008005f14       0x38 Src/main.o
                0x0000000008005f14                phaseAFLOAT
 .text.phaseALOW
                0x0000000008005f4c       0x38 Src/main.o
                0x0000000008005f4c                phaseALOW
 .text.phaseCPWM
                0x0000000008005f84       0x24 Src/main.o
                0x0000000008005f84                phaseCPWM
 .text.phaseCFLOAT
                0x0000000008005fa8       0x34 Src/main.o
                0x0000000008005fa8                phaseCFLOAT
 .text.phaseCLOW
                0x0000000008005fdc       0x34 Src/main.o
                0x0000000008005fdc                phaseCLOW
 .text.comStep  0x0000000008006010       0x8c Src/main.o
                0x0000000008006010                comStep
 .text.allOff   0x000000000800609c       0x14 Src/main.o
                0x000000000800609c                allOff
 .text.HAL_TIM_PeriodElapsedCallback
                0x00000000080060b0       0x6c Src/main.o
                0x00000000080060b0                HAL_TIM_PeriodElapsedCallback
 .text.detectInput
                0x000000000800611c      0x17c Src/main.o
                0x000000000800611c                detectInput
 .text.computeProshotDMA
                0x0000000008006298      0x1b4 Src/main.o
                0x0000000008006298                computeProshotDMA
 .text.computeDshotDMA
                0x000000000800644c      0x188 Src/main.o
                0x000000000800644c                computeDshotDMA
 .text.computeServoInput
                0x00000000080065d4      0x104 Src/main.o
                0x00000000080065d4                computeServoInput
 .text.transferComplete
                0x00000000080066d8       0x64 Src/main.o
                0x00000000080066d8                transferComplete
 .text.switchADCPhase
                0x000000000800673c       0xbc Src/main.o
                0x000000000800673c                switchADCPhase
 .text.commutate
                0x00000000080067f8       0xe4 Src/main.o
                0x00000000080067f8                commutate
 .text.playStartupTune
                0x00000000080068dc       0x54 Src/main.o
                0x00000000080068dc                playStartupTune
 .text.playInputTune
                0x0000000008006930       0x48 Src/main.o
                0x0000000008006930                playInputTune
 .text.zcfoundroutine
                0x0000000008006978       0xbc Src/main.o
                0x0000000008006978                zcfoundroutine
 .text.HAL_ADC_ConvCpltCallback
                0x0000000008006a34       0x74 Src/main.o
                0x0000000008006a34                HAL_ADC_ConvCpltCallback
 .text.main     0x0000000008006aa8      0x4f4 Src/main.o
                0x0000000008006aa8                main
 .text.SystemClock_Config
                0x0000000008006f9c       0xd0 Src/main.o
                0x0000000008006f9c                SystemClock_Config
 .text.MX_ADC1_Init
                0x000000000800706c       0xf4 Src/main.o
 .text.MX_ADC2_Init
                0x0000000008007160       0xd0 Src/main.o
 .text.MX_IWDG_Init
                0x0000000008007230       0x3c Src/main.o
 .text.MX_TIM1_Init
                0x000000000800726c      0x194 Src/main.o
 .text.MX_TIM2_Init
                0x0000000008007400       0x9c Src/main.o
 .text.MX_TIM4_Init
                0x000000000800749c       0xb0 Src/main.o
 .text.MX_TIM8_Init
                0x000000000800754c      0x124 Src/main.o
 .text.MX_TIM16_Init
                0x0000000008007670       0x94 Src/main.o
 .text.MX_DMA_Init
                0x0000000008007704       0x54 Src/main.o
 .text.MX_GPIO_Init
                0x0000000008007758       0xa4 Src/main.o
 .text.Error_Handler
                0x00000000080077fc        0xe Src/main.o
                0x00000000080077fc                Error_Handler
 *fill*         0x000000000800780a        0x2 
 .text.LL_PWR_DisableDeadBatteryPD
                0x000000000800780c       0x20 Src/stm32g4xx_hal_msp.o
 .text.HAL_MspInit
                0x000000000800782c       0x48 Src/stm32g4xx_hal_msp.o
                0x000000000800782c                HAL_MspInit
 .text.HAL_ADC_MspInit
                0x0000000008007874      0x150 Src/stm32g4xx_hal_msp.o
                0x0000000008007874                HAL_ADC_MspInit
 .text.HAL_TIM_PWM_MspInit
                0x00000000080079c4       0x4c Src/stm32g4xx_hal_msp.o
                0x00000000080079c4                HAL_TIM_PWM_MspInit
 .text.HAL_TIM_Base_MspInit
                0x0000000008007a10      0x17c Src/stm32g4xx_hal_msp.o
                0x0000000008007a10                HAL_TIM_Base_MspInit
 .text.HAL_TIM_OC_MspInit
                0x0000000008007b8c       0x40 Src/stm32g4xx_hal_msp.o
                0x0000000008007b8c                HAL_TIM_OC_MspInit
 .text.HAL_TIM_MspPostInit
                0x0000000008007bcc       0xac Src/stm32g4xx_hal_msp.o
                0x0000000008007bcc                HAL_TIM_MspPostInit
 .text.NMI_Handler
                0x0000000008007c78        0xe Src/stm32g4xx_it.o
                0x0000000008007c78                NMI_Handler
 .text.HardFault_Handler
                0x0000000008007c86        0x6 Src/stm32g4xx_it.o
                0x0000000008007c86                HardFault_Handler
 .text.MemManage_Handler
                0x0000000008007c8c        0x6 Src/stm32g4xx_it.o
                0x0000000008007c8c                MemManage_Handler
 .text.BusFault_Handler
                0x0000000008007c92        0x6 Src/stm32g4xx_it.o
                0x0000000008007c92                BusFault_Handler
 .text.UsageFault_Handler
                0x0000000008007c98        0x6 Src/stm32g4xx_it.o
                0x0000000008007c98                UsageFault_Handler
 .text.SVC_Handler
                0x0000000008007c9e        0xe Src/stm32g4xx_it.o
                0x0000000008007c9e                SVC_Handler
 .text.DebugMon_Handler
                0x0000000008007cac        0xe Src/stm32g4xx_it.o
                0x0000000008007cac                DebugMon_Handler
 .text.PendSV_Handler
                0x0000000008007cba        0xe Src/stm32g4xx_it.o
                0x0000000008007cba                PendSV_Handler
 .text.SysTick_Handler
                0x0000000008007cc8        0xc Src/stm32g4xx_it.o
                0x0000000008007cc8                SysTick_Handler
 .text.DMA1_Channel2_IRQHandler
                0x0000000008007cd4       0x18 Src/stm32g4xx_it.o
                0x0000000008007cd4                DMA1_Channel2_IRQHandler
 .text.ADC1_2_IRQHandler
                0x0000000008007cec       0x1c Src/stm32g4xx_it.o
                0x0000000008007cec                ADC1_2_IRQHandler
 .text.TIM1_UP_TIM16_IRQHandler
                0x0000000008007d08       0x1c Src/stm32g4xx_it.o
                0x0000000008007d08                TIM1_UP_TIM16_IRQHandler
 .text.SystemInit
                0x0000000008007d24       0x2c Src/system_stm32g4xx.o
                0x0000000008007d24                SystemInit
 .text.Reset_Handler
                0x0000000008007d50       0x50 Startup/startup_stm32g431kbux.o
                0x0000000008007d50                Reset_Handler
 .text.Default_Handler
                0x0000000008007da0        0x2 Startup/startup_stm32g431kbux.o
                0x0000000008007da0                RTC_Alarm_IRQHandler
                0x0000000008007da0                EXTI2_IRQHandler
                0x0000000008007da0                TIM8_TRG_COM_IRQHandler
                0x0000000008007da0                TIM8_CC_IRQHandler
                0x0000000008007da0                TIM1_CC_IRQHandler
                0x0000000008007da0                USB_HP_IRQHandler
                0x0000000008007da0                CORDIC_IRQHandler
                0x0000000008007da0                EXTI3_IRQHandler
                0x0000000008007da0                I2C3_ER_IRQHandler
                0x0000000008007da0                EXTI0_IRQHandler
                0x0000000008007da0                I2C2_EV_IRQHandler
                0x0000000008007da0                FPU_IRQHandler
                0x0000000008007da0                FDCAN1_IT1_IRQHandler
                0x0000000008007da0                SPI1_IRQHandler
                0x0000000008007da0                TIM6_DAC_IRQHandler
                0x0000000008007da0                TIM8_UP_IRQHandler
                0x0000000008007da0                DMA2_Channel2_IRQHandler
                0x0000000008007da0                DMA1_Channel4_IRQHandler
                0x0000000008007da0                USART3_IRQHandler
                0x0000000008007da0                TIM4_IRQHandler
                0x0000000008007da0                DMA2_Channel1_IRQHandler
                0x0000000008007da0                I2C1_EV_IRQHandler
                0x0000000008007da0                DMA1_Channel6_IRQHandler
                0x0000000008007da0                UART4_IRQHandler
                0x0000000008007da0                DMA2_Channel4_IRQHandler
                0x0000000008007da0                TIM3_IRQHandler
                0x0000000008007da0                RCC_IRQHandler
                0x0000000008007da0                DMA1_Channel1_IRQHandler
                0x0000000008007da0                Default_Handler
                0x0000000008007da0                RTC_TAMP_LSECSS_IRQHandler
                0x0000000008007da0                FMAC_IRQHandler
                0x0000000008007da0                EXTI15_10_IRQHandler
                0x0000000008007da0                TIM7_IRQHandler
                0x0000000008007da0                UCPD1_IRQHandler
                0x0000000008007da0                I2C3_EV_IRQHandler
                0x0000000008007da0                EXTI9_5_IRQHandler
                0x0000000008007da0                RTC_WKUP_IRQHandler
                0x0000000008007da0                PVD_PVM_IRQHandler
                0x0000000008007da0                SPI2_IRQHandler
                0x0000000008007da0                DMA2_Channel5_IRQHandler
                0x0000000008007da0                CRS_IRQHandler
                0x0000000008007da0                DMA1_Channel5_IRQHandler
                0x0000000008007da0                USB_LP_IRQHandler
                0x0000000008007da0                EXTI4_IRQHandler
                0x0000000008007da0                RNG_IRQHandler
                0x0000000008007da0                TIM1_TRG_COM_TIM17_IRQHandler
                0x0000000008007da0                DMA1_Channel3_IRQHandler
                0x0000000008007da0                WWDG_IRQHandler
                0x0000000008007da0                LPUART1_IRQHandler
                0x0000000008007da0                DMA2_Channel6_IRQHandler
                0x0000000008007da0                FDCAN1_IT0_IRQHandler
                0x0000000008007da0                TIM2_IRQHandler
                0x0000000008007da0                COMP1_2_3_IRQHandler
                0x0000000008007da0                EXTI1_IRQHandler
                0x0000000008007da0                USART2_IRQHandler
                0x0000000008007da0                I2C2_ER_IRQHandler
                0x0000000008007da0                TIM8_BRK_IRQHandler
                0x0000000008007da0                FLASH_IRQHandler
                0x0000000008007da0                USART1_IRQHandler
                0x0000000008007da0                SPI3_IRQHandler
                0x0000000008007da0                I2C1_ER_IRQHandler
                0x0000000008007da0                LPTIM1_IRQHandler
                0x0000000008007da0                DMAMUX_OVR_IRQHandler
                0x0000000008007da0                USBWakeUp_IRQHandler
                0x0000000008007da0                SAI1_IRQHandler
                0x0000000008007da0                DMA2_Channel3_IRQHandler
                0x0000000008007da0                COMP4_IRQHandler
                0x0000000008007da0                TIM1_BRK_TIM15_IRQHandler
 *fill*         0x0000000008007da2        0x2 
 .text.__libc_init_array
                0x0000000008007da4       0x48 c:/st/stm32cubeide_1.0.2/stm32cubeide/plugins/com.st.stm32cube.ide.mcu.externaltools.gnu-tools-for-stm32.7-2018-q2-update.win32_1.0.0.201904181610/tools/bin/../lib/gcc/arm-none-eabi/7.3.1/../../../../arm-none-eabi/lib/thumb/v7e-m/fpv4-sp/hard\libc_nano.a(lib_a-init.o)
                0x0000000008007da4                __libc_init_array
 .text.memset   0x0000000008007dec       0x10 c:/st/stm32cubeide_1.0.2/stm32cubeide/plugins/com.st.stm32cube.ide.mcu.externaltools.gnu-tools-for-stm32.7-2018-q2-update.win32_1.0.0.201904181610/tools/bin/../lib/gcc/arm-none-eabi/7.3.1/../../../../arm-none-eabi/lib/thumb/v7e-m/fpv4-sp/hard\libc_nano.a(lib_a-memset.o)
                0x0000000008007dec                memset
 *(.glue_7)
 .glue_7        0x0000000008007dfc        0x0 linker stubs
 *(.glue_7t)
 .glue_7t       0x0000000008007dfc        0x0 linker stubs
 *(.eh_frame)
 .eh_frame      0x0000000008007dfc        0x0 c:/st/stm32cubeide_1.0.2/stm32cubeide/plugins/com.st.stm32cube.ide.mcu.externaltools.gnu-tools-for-stm32.7-2018-q2-update.win32_1.0.0.201904181610/tools/bin/../lib/gcc/arm-none-eabi/7.3.1/thumb/v7e-m/fpv4-sp/hard/crtbegin.o
 *(.init)
 .init          0x0000000008007dfc        0x4 c:/st/stm32cubeide_1.0.2/stm32cubeide/plugins/com.st.stm32cube.ide.mcu.externaltools.gnu-tools-for-stm32.7-2018-q2-update.win32_1.0.0.201904181610/tools/bin/../lib/gcc/arm-none-eabi/7.3.1/thumb/v7e-m/fpv4-sp/hard/crti.o
                0x0000000008007dfc                _init
 .init          0x0000000008007e00        0x8 c:/st/stm32cubeide_1.0.2/stm32cubeide/plugins/com.st.stm32cube.ide.mcu.externaltools.gnu-tools-for-stm32.7-2018-q2-update.win32_1.0.0.201904181610/tools/bin/../lib/gcc/arm-none-eabi/7.3.1/thumb/v7e-m/fpv4-sp/hard/crtn.o
 *(.fini)
 .fini          0x0000000008007e08        0x4 c:/st/stm32cubeide_1.0.2/stm32cubeide/plugins/com.st.stm32cube.ide.mcu.externaltools.gnu-tools-for-stm32.7-2018-q2-update.win32_1.0.0.201904181610/tools/bin/../lib/gcc/arm-none-eabi/7.3.1/thumb/v7e-m/fpv4-sp/hard/crti.o
                0x0000000008007e08                _fini
 .fini          0x0000000008007e0c        0x8 c:/st/stm32cubeide_1.0.2/stm32cubeide/plugins/com.st.stm32cube.ide.mcu.externaltools.gnu-tools-for-stm32.7-2018-q2-update.win32_1.0.0.201904181610/tools/bin/../lib/gcc/arm-none-eabi/7.3.1/thumb/v7e-m/fpv4-sp/hard/crtn.o
                0x0000000008007e14                . = ALIGN (0x4)
                0x0000000008007e14                _etext = .

.vfp11_veneer   0x0000000008007e14        0x0
 .vfp11_veneer  0x0000000008007e14        0x0 linker stubs

.v4_bx          0x0000000008007e14        0x0
 .v4_bx         0x0000000008007e14        0x0 linker stubs

.iplt           0x0000000008007e14        0x0
 .iplt          0x0000000008007e14        0x0 c:/st/stm32cubeide_1.0.2/stm32cubeide/plugins/com.st.stm32cube.ide.mcu.externaltools.gnu-tools-for-stm32.7-2018-q2-update.win32_1.0.0.201904181610/tools/bin/../lib/gcc/arm-none-eabi/7.3.1/thumb/v7e-m/fpv4-sp/hard/crtbegin.o

.rodata         0x0000000008007e14       0x10
                0x0000000008007e14                . = ALIGN (0x4)
 *(.rodata)
 *(.rodata*)
 .rodata.AHBPrescTable
                0x0000000008007e14       0x10 Src/system_stm32g4xx.o
                0x0000000008007e14                AHBPrescTable
                0x0000000008007e24                . = ALIGN (0x4)

.rel.dyn        0x0000000008007e24        0x0
 .rel.iplt      0x0000000008007e24        0x0 c:/st/stm32cubeide_1.0.2/stm32cubeide/plugins/com.st.stm32cube.ide.mcu.externaltools.gnu-tools-for-stm32.7-2018-q2-update.win32_1.0.0.201904181610/tools/bin/../lib/gcc/arm-none-eabi/7.3.1/thumb/v7e-m/fpv4-sp/hard/crtbegin.o

.ARM.extab      0x0000000008007e24        0x0
                0x0000000008007e24                . = ALIGN (0x4)
 *(.ARM.extab* .gnu.linkonce.armextab.*)
                0x0000000008007e24                . = ALIGN (0x4)

.ARM            0x0000000008007e24        0x0
                0x0000000008007e24                . = ALIGN (0x4)
                0x0000000008007e24                __exidx_start = .
 *(.ARM.exidx*)
                0x0000000008007e24                __exidx_end = .
                0x0000000008007e24                . = ALIGN (0x4)

.preinit_array  0x0000000008007e24        0x0
                0x0000000008007e24                . = ALIGN (0x4)
                0x0000000008007e24                PROVIDE (__preinit_array_start = .)
 *(.preinit_array*)
                0x0000000008007e24                PROVIDE (__preinit_array_end = .)
                0x0000000008007e24                . = ALIGN (0x4)

.init_array     0x0000000008007e24        0x4
                0x0000000008007e24                . = ALIGN (0x4)
                0x0000000008007e24                PROVIDE (__init_array_start = .)
 *(SORT_BY_NAME(.init_array.*))
 *(.init_array*)
 .init_array    0x0000000008007e24        0x4 c:/st/stm32cubeide_1.0.2/stm32cubeide/plugins/com.st.stm32cube.ide.mcu.externaltools.gnu-tools-for-stm32.7-2018-q2-update.win32_1.0.0.201904181610/tools/bin/../lib/gcc/arm-none-eabi/7.3.1/thumb/v7e-m/fpv4-sp/hard/crtbegin.o
                0x0000000008007e28                PROVIDE (__init_array_end = .)
                0x0000000008007e28                . = ALIGN (0x4)

.fini_array     0x0000000008007e28        0x4
                0x0000000008007e28                . = ALIGN (0x4)
                [!provide]                        PROVIDE (__fini_array_start = .)
 *(SORT_BY_NAME(.fini_array.*))
 *(.fini_array*)
 .fini_array    0x0000000008007e28        0x4 c:/st/stm32cubeide_1.0.2/stm32cubeide/plugins/com.st.stm32cube.ide.mcu.externaltools.gnu-tools-for-stm32.7-2018-q2-update.win32_1.0.0.201904181610/tools/bin/../lib/gcc/arm-none-eabi/7.3.1/thumb/v7e-m/fpv4-sp/hard/crtbegin.o
                [!provide]                        PROVIDE (__fini_array_end = .)
                0x0000000008007e2c                . = ALIGN (0x4)
                0x0000000008007e2c                _sidata = LOADADDR (.data)

.data           0x0000000020000000       0x3c load address 0x0000000008007e2c
                0x0000000020000000                . = ALIGN (0x4)
                0x0000000020000000                _sdata = .
 *(.data)
 *(.data*)
 .data.uwTickPrio
                0x0000000020000000        0x4 Drivers/STM32G4xx_HAL_Driver/Src/stm32g4xx_hal.o
                0x0000000020000000                uwTickPrio
 .data.uwTickFreq
                0x0000000020000004        0x4 Drivers/STM32G4xx_HAL_Driver/Src/stm32g4xx_hal.o
                0x0000000020000004                uwTickFreq
 .data.bi_direction
                0x0000000020000008        0x1 Src/main.o
                0x0000000020000008                bi_direction
 *fill*         0x0000000020000009        0x3 
 .data.rising   0x000000002000000c        0x4 Src/main.o
                0x000000002000000c                rising
 .data.forward  0x0000000020000010        0x4 Src/main.o
                0x0000000020000010                forward
 .data.threshold_up
                0x0000000020000014        0x4 Src/main.o
                0x0000000020000014                threshold_up
 .data.IC_buffer_size
                0x0000000020000018        0x4 Src/main.o
                0x0000000020000018                IC_buffer_size
 .data.smallestnumber
                0x000000002000001c        0x4 Src/main.o
                0x000000002000001c                smallestnumber
 .data.max_servo_deviation
                0x0000000020000020        0x4 Src/main.o
                0x0000000020000020                max_servo_deviation
 .data.min_zc_counts_up
                0x0000000020000024        0x4 Src/main.o
                0x0000000020000024                min_zc_counts_up
 .data.min_zc_counts_down
                0x0000000020000028        0x4 Src/main.o
                0x0000000020000028                min_zc_counts_down
 .data.duty_cycle
                0x000000002000002c        0x4 Src/main.o
                0x000000002000002c                duty_cycle
 .data.step     0x0000000020000030        0x4 Src/main.o
                0x0000000020000030                step
 .data.commutation_interval
                0x0000000020000034        0x4 Src/main.o
                0x0000000020000034                commutation_interval
 .data.SystemCoreClock
                0x0000000020000038        0x4 Src/system_stm32g4xx.o
                0x0000000020000038                SystemCoreClock
                0x000000002000003c                . = ALIGN (0x4)
                0x000000002000003c                _edata = .

.igot.plt       0x000000002000003c        0x0 load address 0x0000000008007e68
 .igot.plt      0x000000002000003c        0x0 c:/st/stm32cubeide_1.0.2/stm32cubeide/plugins/com.st.stm32cube.ide.mcu.externaltools.gnu-tools-for-stm32.7-2018-q2-update.win32_1.0.0.201904181610/tools/bin/../lib/gcc/arm-none-eabi/7.3.1/thumb/v7e-m/fpv4-sp/hard/crtbegin.o
                0x000000002000003c                . = ALIGN (0x4)

.bss            0x000000002000003c      0x440 load address 0x0000000008007e68
                0x000000002000003c                _sbss = .
                0x000000002000003c                __bss_start__ = _sbss
 *(.bss)
 .bss           0x000000002000003c       0x1c c:/st/stm32cubeide_1.0.2/stm32cubeide/plugins/com.st.stm32cube.ide.mcu.externaltools.gnu-tools-for-stm32.7-2018-q2-update.win32_1.0.0.201904181610/tools/bin/../lib/gcc/arm-none-eabi/7.3.1/thumb/v7e-m/fpv4-sp/hard/crtbegin.o
 *(.bss*)
 .bss.reversed_direction
                0x0000000020000058        0x1 Src/main.o
                0x0000000020000058                reversed_direction
 *fill*         0x0000000020000059        0x3 
 .bss.zero_input_count
                0x000000002000005c        0x4 Src/main.o
                0x000000002000005c                zero_input_count
 .bss.running   0x0000000020000060        0x4 Src/main.o
                0x0000000020000060                running
 .bss.advance   0x0000000020000064        0x4 Src/main.o
                0x0000000020000064                advance
 .bss.count     0x0000000020000068        0x4 Src/main.o
                0x0000000020000068                count
 .bss.error     0x000000002000006c        0x4 Src/main.o
                0x000000002000006c                error
 .bss.threshold_down
                0x0000000020000070        0x4 Src/main.o
                0x0000000020000070                threshold_down
 .bss.propulse  0x0000000020000074       0x10 Src/main.o
                0x0000000020000074                propulse
 .bss.tocheck   0x0000000020000084        0x4 Src/main.o
                0x0000000020000084                tocheck
 .bss.commandcount
                0x0000000020000088        0x4 Src/main.o
                0x0000000020000088                commandcount
 .bss.servorawinput
                0x000000002000008c        0x4 Src/main.o
                0x000000002000008c                servorawinput
 .bss.input     0x0000000020000090        0x4 Src/main.o
                0x0000000020000090                input
 .bss.newinput  0x0000000020000094        0x4 Src/main.o
                0x0000000020000094                newinput
 .bss.total     0x0000000020000098        0x4 Src/main.o
                0x0000000020000098                total
 .bss.inputSet  0x000000002000009c        0x1 Src/main.o
                0x000000002000009c                inputSet
 .bss.dshot     0x000000002000009d        0x1 Src/main.o
                0x000000002000009d                dshot
 .bss.proshot   0x000000002000009e        0x1 Src/main.o
                0x000000002000009e                proshot
 .bss.multishot
                0x000000002000009f        0x1 Src/main.o
                0x000000002000009f                multishot
 .bss.oneshot42
                0x00000000200000a0        0x1 Src/main.o
                0x00000000200000a0                oneshot42
 .bss.oneshot125
                0x00000000200000a1        0x1 Src/main.o
                0x00000000200000a1                oneshot125
 .bss.servoPwm  0x00000000200000a2        0x1 Src/main.o
                0x00000000200000a2                servoPwm
 .bss.armed     0x00000000200000a3        0x1 Src/main.o
                0x00000000200000a3                armed
 .bss.zcfound   0x00000000200000a4        0x4 Src/main.o
                0x00000000200000a4                zcfound
 .bss.waitTime  0x00000000200000a8        0x4 Src/main.o
                0x00000000200000a8                waitTime
 .bss.signaltimeout
                0x00000000200000ac        0x4 Src/main.o
                0x00000000200000ac                signaltimeout
 .bss.bemf      0x00000000200000b0        0x4 Src/main.o
                0x00000000200000b0                bemf
 .bss.HAL_RCC_ADC12_CLK_ENABLED
                0x00000000200000b4        0x4 Src/stm32g4xx_hal_msp.o
 *(COMMON)
 COMMON         0x00000000200000b8        0x4 Drivers/STM32G4xx_HAL_Driver/Src/stm32g4xx_hal.o
                0x00000000200000b8                uwTick
 COMMON         0x00000000200000bc      0x3c0 Src/main.o
                0x00000000200000bc                last_adc_channel
                0x00000000200000c0                htim8
                0x0000000020000100                htim4
                0x0000000020000140                hadc2
                0x00000000200001ac                calcCRC
                0x00000000200001b0                hiwdg
                0x00000000200001c0                checkCRC
                0x00000000200001c4                hdma_tim8_ch1
                0x0000000020000224                dshotcommand
                0x0000000020000228                hadc1
                0x0000000020000294                upthiszctime
                0x0000000020000298                difference
                0x000000002000029c                zc_counts
                0x00000000200002a0                bemfcounter
                0x00000000200002a4                dma_buffer
                0x00000000200003a4                wait_time
                0x00000000200003a8                blanktime
                0x00000000200003ac                htim1
                0x00000000200003ec                thiszctime
                0x00000000200003f0                htim2
                0x0000000020000430                lastzctime
                0x0000000020000434                htim16
                0x0000000020000474                ADC1ConvertedValues
                0x0000000020000478                uplastzctime
                0x000000002000047c                . = ALIGN (0x4)
                0x000000002000047c                _ebss = .
                0x000000002000047c                __bss_end__ = _ebss

._user_heap_stack
                0x000000002000047c      0x604 load address 0x0000000008007e68
                0x0000000020000480                . = ALIGN (0x8)
 *fill*         0x000000002000047c        0x4 
                0x0000000020000480                PROVIDE (end = .)
                [!provide]                        PROVIDE (_end = .)
                0x0000000020000680                . = (. + _Min_Heap_Size)
 *fill*         0x0000000020000480      0x200 
                0x0000000020000a80                . = (. + _Min_Stack_Size)
 *fill*         0x0000000020000680      0x400 
                0x0000000020000a80                . = ALIGN (0x8)

/DISCARD/
 libc.a(*)
 libm.a(*)
 libgcc.a(*)

.ARM.attributes
                0x0000000000000000       0x30
 *(.ARM.attributes)
 .ARM.attributes
                0x0000000000000000       0x22 c:/st/stm32cubeide_1.0.2/stm32cubeide/plugins/com.st.stm32cube.ide.mcu.externaltools.gnu-tools-for-stm32.7-2018-q2-update.win32_1.0.0.201904181610/tools/bin/../lib/gcc/arm-none-eabi/7.3.1/thumb/v7e-m/fpv4-sp/hard/crti.o
 .ARM.attributes
                0x0000000000000022       0x34 c:/st/stm32cubeide_1.0.2/stm32cubeide/plugins/com.st.stm32cube.ide.mcu.externaltools.gnu-tools-for-stm32.7-2018-q2-update.win32_1.0.0.201904181610/tools/bin/../lib/gcc/arm-none-eabi/7.3.1/thumb/v7e-m/fpv4-sp/hard/crtbegin.o
 .ARM.attributes
                0x0000000000000056       0x39 Drivers/STM32G4xx_HAL_Driver/Src/stm32g4xx_hal.o
 .ARM.attributes
                0x000000000000008f       0x39 Drivers/STM32G4xx_HAL_Driver/Src/stm32g4xx_hal_adc.o
 .ARM.attributes
                0x00000000000000c8       0x39 Drivers/STM32G4xx_HAL_Driver/Src/stm32g4xx_hal_adc_ex.o
 .ARM.attributes
                0x0000000000000101       0x39 Drivers/STM32G4xx_HAL_Driver/Src/stm32g4xx_hal_cortex.o
 .ARM.attributes
                0x000000000000013a       0x39 Drivers/STM32G4xx_HAL_Driver/Src/stm32g4xx_hal_dma.o
 .ARM.attributes
                0x0000000000000173       0x39 Drivers/STM32G4xx_HAL_Driver/Src/stm32g4xx_hal_gpio.o
 .ARM.attributes
                0x00000000000001ac       0x39 Drivers/STM32G4xx_HAL_Driver/Src/stm32g4xx_hal_iwdg.o
 .ARM.attributes
                0x00000000000001e5       0x39 Drivers/STM32G4xx_HAL_Driver/Src/stm32g4xx_hal_pwr_ex.o
 .ARM.attributes
                0x000000000000021e       0x39 Drivers/STM32G4xx_HAL_Driver/Src/stm32g4xx_hal_rcc.o
 .ARM.attributes
                0x0000000000000257       0x39 Drivers/STM32G4xx_HAL_Driver/Src/stm32g4xx_hal_rcc_ex.o
 .ARM.attributes
                0x0000000000000290       0x39 Drivers/STM32G4xx_HAL_Driver/Src/stm32g4xx_hal_tim.o
 .ARM.attributes
                0x00000000000002c9       0x39 Drivers/STM32G4xx_HAL_Driver/Src/stm32g4xx_hal_tim_ex.o
 .ARM.attributes
                0x0000000000000302       0x39 Drivers/STM32G4xx_HAL_Driver/Src/stm32g4xx_ll_gpio.o
 .ARM.attributes
                0x000000000000033b       0x39 Src/main.o
 .ARM.attributes
                0x0000000000000374       0x39 Src/stm32g4xx_hal_msp.o
 .ARM.attributes
                0x00000000000003ad       0x39 Src/stm32g4xx_it.o
 .ARM.attributes
                0x00000000000003e6       0x39 Src/system_stm32g4xx.o
 .ARM.attributes
                0x000000000000041f       0x21 Startup/startup_stm32g431kbux.o
 .ARM.attributes
                0x0000000000000440       0x34 c:/st/stm32cubeide_1.0.2/stm32cubeide/plugins/com.st.stm32cube.ide.mcu.externaltools.gnu-tools-for-stm32.7-2018-q2-update.win32_1.0.0.201904181610/tools/bin/../lib/gcc/arm-none-eabi/7.3.1/../../../../arm-none-eabi/lib/thumb/v7e-m/fpv4-sp/hard\libc_nano.a(lib_a-init.o)
 .ARM.attributes
                0x0000000000000474       0x34 c:/st/stm32cubeide_1.0.2/stm32cubeide/plugins/com.st.stm32cube.ide.mcu.externaltools.gnu-tools-for-stm32.7-2018-q2-update.win32_1.0.0.201904181610/tools/bin/../lib/gcc/arm-none-eabi/7.3.1/../../../../arm-none-eabi/lib/thumb/v7e-m/fpv4-sp/hard\libc_nano.a(lib_a-memset.o)
 .ARM.attributes
                0x00000000000004a8       0x22 c:/st/stm32cubeide_1.0.2/stm32cubeide/plugins/com.st.stm32cube.ide.mcu.externaltools.gnu-tools-for-stm32.7-2018-q2-update.win32_1.0.0.201904181610/tools/bin/../lib/gcc/arm-none-eabi/7.3.1/thumb/v7e-m/fpv4-sp/hard/crtn.o
OUTPUT(G431ADCversion.elf elf32-littlearm)

.debug_info     0x0000000000000000    0x12d41
 .debug_info    0x0000000000000000      0xb9b Drivers/STM32G4xx_HAL_Driver/Src/stm32g4xx_hal.o
 .debug_info    0x0000000000000b9b     0x1ec4 Drivers/STM32G4xx_HAL_Driver/Src/stm32g4xx_hal_adc.o
 .debug_info    0x0000000000002a5f     0x1c12 Drivers/STM32G4xx_HAL_Driver/Src/stm32g4xx_hal_adc_ex.o
 .debug_info    0x0000000000004671      0xebb Drivers/STM32G4xx_HAL_Driver/Src/stm32g4xx_hal_cortex.o
 .debug_info    0x000000000000552c      0xa07 Drivers/STM32G4xx_HAL_Driver/Src/stm32g4xx_hal_dma.o
 .debug_info    0x0000000000005f33      0x969 Drivers/STM32G4xx_HAL_Driver/Src/stm32g4xx_hal_gpio.o
 .debug_info    0x000000000000689c      0x3a9 Drivers/STM32G4xx_HAL_Driver/Src/stm32g4xx_hal_iwdg.o
 .debug_info    0x0000000000006c45      0xa9c Drivers/STM32G4xx_HAL_Driver/Src/stm32g4xx_hal_pwr_ex.o
 .debug_info    0x00000000000076e1      0xca5 Drivers/STM32G4xx_HAL_Driver/Src/stm32g4xx_hal_rcc.o
 .debug_info    0x0000000000008386      0xd92 Drivers/STM32G4xx_HAL_Driver/Src/stm32g4xx_hal_rcc_ex.o
 .debug_info    0x0000000000009118     0x2884 Drivers/STM32G4xx_HAL_Driver/Src/stm32g4xx_hal_tim.o
 .debug_info    0x000000000000b99c     0x1a34 Drivers/STM32G4xx_HAL_Driver/Src/stm32g4xx_hal_tim_ex.o
 .debug_info    0x000000000000d3d0      0xa53 Drivers/STM32G4xx_HAL_Driver/Src/stm32g4xx_ll_gpio.o
 .debug_info    0x000000000000de23     0x2428 Src/main.o
 .debug_info    0x000000000001024b     0x169d Src/stm32g4xx_hal_msp.o
 .debug_info    0x00000000000118e8      0xd88 Src/stm32g4xx_it.o
 .debug_info    0x0000000000012670      0x6af Src/system_stm32g4xx.o
 .debug_info    0x0000000000012d1f       0x22 Startup/startup_stm32g431kbux.o

.debug_abbrev   0x0000000000000000     0x241a
 .debug_abbrev  0x0000000000000000      0x1fb Drivers/STM32G4xx_HAL_Driver/Src/stm32g4xx_hal.o
 .debug_abbrev  0x00000000000001fb      0x24a Drivers/STM32G4xx_HAL_Driver/Src/stm32g4xx_hal_adc.o
 .debug_abbrev  0x0000000000000445      0x26a Drivers/STM32G4xx_HAL_Driver/Src/stm32g4xx_hal_adc_ex.o
 .debug_abbrev  0x00000000000006af      0x2f1 Drivers/STM32G4xx_HAL_Driver/Src/stm32g4xx_hal_cortex.o
 .debug_abbrev  0x00000000000009a0      0x1d9 Drivers/STM32G4xx_HAL_Driver/Src/stm32g4xx_hal_dma.o
 .debug_abbrev  0x0000000000000b79      0x1c0 Drivers/STM32G4xx_HAL_Driver/Src/stm32g4xx_hal_gpio.o
 .debug_abbrev  0x0000000000000d39      0x147 Drivers/STM32G4xx_HAL_Driver/Src/stm32g4xx_hal_iwdg.o
 .debug_abbrev  0x0000000000000e80      0x1fd Drivers/STM32G4xx_HAL_Driver/Src/stm32g4xx_hal_pwr_ex.o
 .debug_abbrev  0x000000000000107d      0x245 Drivers/STM32G4xx_HAL_Driver/Src/stm32g4xx_hal_rcc.o
 .debug_abbrev  0x00000000000012c2      0x204 Drivers/STM32G4xx_HAL_Driver/Src/stm32g4xx_hal_rcc_ex.o
 .debug_abbrev  0x00000000000014c6      0x25b Drivers/STM32G4xx_HAL_Driver/Src/stm32g4xx_hal_tim.o
 .debug_abbrev  0x0000000000001721      0x249 Drivers/STM32G4xx_HAL_Driver/Src/stm32g4xx_hal_tim_ex.o
 .debug_abbrev  0x000000000000196a      0x201 Drivers/STM32G4xx_HAL_Driver/Src/stm32g4xx_ll_gpio.o
 .debug_abbrev  0x0000000000001b6b      0x392 Src/main.o
 .debug_abbrev  0x0000000000001efd      0x221 Src/stm32g4xx_hal_msp.o
 .debug_abbrev  0x000000000000211e      0x1a3 Src/stm32g4xx_it.o
 .debug_abbrev  0x00000000000022c1      0x147 Src/system_stm32g4xx.o
 .debug_abbrev  0x0000000000002408       0x12 Startup/startup_stm32g431kbux.o

.debug_aranges  0x0000000000000000     0x12e0
 .debug_aranges
                0x0000000000000000      0x130 Drivers/STM32G4xx_HAL_Driver/Src/stm32g4xx_hal.o
 .debug_aranges
                0x0000000000000130      0x248 Drivers/STM32G4xx_HAL_Driver/Src/stm32g4xx_hal_adc.o
 .debug_aranges
                0x0000000000000378      0x1c0 Drivers/STM32G4xx_HAL_Driver/Src/stm32g4xx_hal_adc_ex.o
 .debug_aranges
                0x0000000000000538      0x118 Drivers/STM32G4xx_HAL_Driver/Src/stm32g4xx_hal_cortex.o
 .debug_aranges
                0x0000000000000650       0x90 Drivers/STM32G4xx_HAL_Driver/Src/stm32g4xx_hal_dma.o
 .debug_aranges
                0x00000000000006e0       0x58 Drivers/STM32G4xx_HAL_Driver/Src/stm32g4xx_hal_gpio.o
 .debug_aranges
                0x0000000000000738       0x28 Drivers/STM32G4xx_HAL_Driver/Src/stm32g4xx_hal_iwdg.o
 .debug_aranges
                0x0000000000000760      0x140 Drivers/STM32G4xx_HAL_Driver/Src/stm32g4xx_hal_pwr_ex.o
 .debug_aranges
                0x00000000000008a0       0x98 Drivers/STM32G4xx_HAL_Driver/Src/stm32g4xx_hal_rcc.o
 .debug_aranges
                0x0000000000000938       0xb0 Drivers/STM32G4xx_HAL_Driver/Src/stm32g4xx_hal_rcc_ex.o
 .debug_aranges
                0x00000000000009e8      0x3c8 Drivers/STM32G4xx_HAL_Driver/Src/stm32g4xx_hal_tim.o
 .debug_aranges
                0x0000000000000db0      0x228 Drivers/STM32G4xx_HAL_Driver/Src/stm32g4xx_hal_tim_ex.o
 .debug_aranges
                0x0000000000000fd8       0x70 Drivers/STM32G4xx_HAL_Driver/Src/stm32g4xx_ll_gpio.o
 .debug_aranges
                0x0000000000001048      0x160 Src/main.o
 .debug_aranges
                0x00000000000011a8       0x70 Src/stm32g4xx_hal_msp.o
 .debug_aranges
                0x0000000000001218       0x78 Src/stm32g4xx_it.o
 .debug_aranges
                0x0000000000001290       0x28 Src/system_stm32g4xx.o
 .debug_aranges
                0x00000000000012b8       0x28 Startup/startup_stm32g431kbux.o

.debug_ranges   0x0000000000000000     0x11c8
 .debug_ranges  0x0000000000000000      0x120 Drivers/STM32G4xx_HAL_Driver/Src/stm32g4xx_hal.o
 .debug_ranges  0x0000000000000120      0x238 Drivers/STM32G4xx_HAL_Driver/Src/stm32g4xx_hal_adc.o
 .debug_ranges  0x0000000000000358      0x1b0 Drivers/STM32G4xx_HAL_Driver/Src/stm32g4xx_hal_adc_ex.o
 .debug_ranges  0x0000000000000508      0x108 Drivers/STM32G4xx_HAL_Driver/Src/stm32g4xx_hal_cortex.o
 .debug_ranges  0x0000000000000610       0x80 Drivers/STM32G4xx_HAL_Driver/Src/stm32g4xx_hal_dma.o
 .debug_ranges  0x0000000000000690       0x48 Drivers/STM32G4xx_HAL_Driver/Src/stm32g4xx_hal_gpio.o
 .debug_ranges  0x00000000000006d8       0x18 Drivers/STM32G4xx_HAL_Driver/Src/stm32g4xx_hal_iwdg.o
 .debug_ranges  0x00000000000006f0      0x130 Drivers/STM32G4xx_HAL_Driver/Src/stm32g4xx_hal_pwr_ex.o
 .debug_ranges  0x0000000000000820       0x88 Drivers/STM32G4xx_HAL_Driver/Src/stm32g4xx_hal_rcc.o
 .debug_ranges  0x00000000000008a8       0xa0 Drivers/STM32G4xx_HAL_Driver/Src/stm32g4xx_hal_rcc_ex.o
 .debug_ranges  0x0000000000000948      0x3b8 Drivers/STM32G4xx_HAL_Driver/Src/stm32g4xx_hal_tim.o
 .debug_ranges  0x0000000000000d00      0x218 Drivers/STM32G4xx_HAL_Driver/Src/stm32g4xx_hal_tim_ex.o
 .debug_ranges  0x0000000000000f18       0x60 Drivers/STM32G4xx_HAL_Driver/Src/stm32g4xx_ll_gpio.o
 .debug_ranges  0x0000000000000f78      0x150 Src/main.o
 .debug_ranges  0x00000000000010c8       0x60 Src/stm32g4xx_hal_msp.o
 .debug_ranges  0x0000000000001128       0x68 Src/stm32g4xx_it.o
 .debug_ranges  0x0000000000001190       0x18 Src/system_stm32g4xx.o
 .debug_ranges  0x00000000000011a8       0x20 Startup/startup_stm32g431kbux.o

.debug_macro    0x0000000000000000    0x1ff46
 .debug_macro   0x0000000000000000      0x235 Drivers/STM32G4xx_HAL_Driver/Src/stm32g4xx_hal.o
 .debug_macro   0x0000000000000235      0xa60 Drivers/STM32G4xx_HAL_Driver/Src/stm32g4xx_hal.o
 .debug_macro   0x0000000000000c95      0x161 Drivers/STM32G4xx_HAL_Driver/Src/stm32g4xx_hal.o
 .debug_macro   0x0000000000000df6       0x2e Drivers/STM32G4xx_HAL_Driver/Src/stm32g4xx_hal.o
 .debug_macro   0x0000000000000e24       0x28 Drivers/STM32G4xx_HAL_Driver/Src/stm32g4xx_hal.o
 .debug_macro   0x0000000000000e4c       0x22 Drivers/STM32G4xx_HAL_Driver/Src/stm32g4xx_hal.o
 .debug_macro   0x0000000000000e6e       0x8e Drivers/STM32G4xx_HAL_Driver/Src/stm32g4xx_hal.o
 .debug_macro   0x0000000000000efc       0x51 Drivers/STM32G4xx_HAL_Driver/Src/stm32g4xx_hal.o
 .debug_macro   0x0000000000000f4d       0xef Drivers/STM32G4xx_HAL_Driver/Src/stm32g4xx_hal.o
 .debug_macro   0x000000000000103c       0x6a Drivers/STM32G4xx_HAL_Driver/Src/stm32g4xx_hal.o
 .debug_macro   0x00000000000010a6      0x1df Drivers/STM32G4xx_HAL_Driver/Src/stm32g4xx_hal.o
 .debug_macro   0x0000000000001285       0x1c Drivers/STM32G4xx_HAL_Driver/Src/stm32g4xx_hal.o
 .debug_macro   0x00000000000012a1       0x22 Drivers/STM32G4xx_HAL_Driver/Src/stm32g4xx_hal.o
 .debug_macro   0x00000000000012c3       0xdf Drivers/STM32G4xx_HAL_Driver/Src/stm32g4xx_hal.o
 .debug_macro   0x00000000000013a2     0x102d Drivers/STM32G4xx_HAL_Driver/Src/stm32g4xx_hal.o
 .debug_macro   0x00000000000023cf      0x11f Drivers/STM32G4xx_HAL_Driver/Src/stm32g4xx_hal.o
 .debug_macro   0x00000000000024ee    0x113ab Drivers/STM32G4xx_HAL_Driver/Src/stm32g4xx_hal.o
 .debug_macro   0x0000000000013899       0x43 Drivers/STM32G4xx_HAL_Driver/Src/stm32g4xx_hal.o
 .debug_macro   0x00000000000138dc     0x34ae Drivers/STM32G4xx_HAL_Driver/Src/stm32g4xx_hal.o
 .debug_macro   0x0000000000016d8a      0x174 Drivers/STM32G4xx_HAL_Driver/Src/stm32g4xx_hal.o
 .debug_macro   0x0000000000016efe       0x5a Drivers/STM32G4xx_HAL_Driver/Src/stm32g4xx_hal.o
 .debug_macro   0x0000000000016f58     0x13de Drivers/STM32G4xx_HAL_Driver/Src/stm32g4xx_hal.o
 .debug_macro   0x0000000000018336      0x535 Drivers/STM32G4xx_HAL_Driver/Src/stm32g4xx_hal.o
 .debug_macro   0x000000000001886b      0x137 Drivers/STM32G4xx_HAL_Driver/Src/stm32g4xx_hal.o
 .debug_macro   0x00000000000189a2      0x26d Drivers/STM32G4xx_HAL_Driver/Src/stm32g4xx_hal.o
 .debug_macro   0x0000000000018c0f      0x41d Drivers/STM32G4xx_HAL_Driver/Src/stm32g4xx_hal.o
 .debug_macro   0x000000000001902c      0x18b Drivers/STM32G4xx_HAL_Driver/Src/stm32g4xx_hal.o
 .debug_macro   0x00000000000191b7       0x43 Drivers/STM32G4xx_HAL_Driver/Src/stm32g4xx_hal.o
 .debug_macro   0x00000000000191fa      0x23d Drivers/STM32G4xx_HAL_Driver/Src/stm32g4xx_hal.o
 .debug_macro   0x0000000000019437     0x10fd Drivers/STM32G4xx_HAL_Driver/Src/stm32g4xx_hal.o
 .debug_macro   0x000000000001a534      0x72e Drivers/STM32G4xx_HAL_Driver/Src/stm32g4xx_hal.o
 .debug_macro   0x000000000001ac62      0x391 Drivers/STM32G4xx_HAL_Driver/Src/stm32g4xx_hal.o
 .debug_macro   0x000000000001aff3      0x212 Drivers/STM32G4xx_HAL_Driver/Src/stm32g4xx_hal.o
 .debug_macro   0x000000000001b205      0x401 Drivers/STM32G4xx_HAL_Driver/Src/stm32g4xx_hal.o
 .debug_macro   0x000000000001b606      0x107 Drivers/STM32G4xx_HAL_Driver/Src/stm32g4xx_hal.o
 .debug_macro   0x000000000001b70d       0x85 Drivers/STM32G4xx_HAL_Driver/Src/stm32g4xx_hal.o
 .debug_macro   0x000000000001b792      0x122 Drivers/STM32G4xx_HAL_Driver/Src/stm32g4xx_hal.o
 .debug_macro   0x000000000001b8b4      0x3d1 Drivers/STM32G4xx_HAL_Driver/Src/stm32g4xx_hal.o
 .debug_macro   0x000000000001bc85      0xb5c Drivers/STM32G4xx_HAL_Driver/Src/stm32g4xx_hal.o
 .debug_macro   0x000000000001c7e1      0x47e Drivers/STM32G4xx_HAL_Driver/Src/stm32g4xx_hal.o
 .debug_macro   0x000000000001cc5f      0x307 Drivers/STM32G4xx_HAL_Driver/Src/stm32g4xx_hal.o
 .debug_macro   0x000000000001cf66      0x204 Drivers/STM32G4xx_HAL_Driver/Src/stm32g4xx_hal_adc.o
 .debug_macro   0x000000000001d16a      0x1f3 Drivers/STM32G4xx_HAL_Driver/Src/stm32g4xx_hal_adc_ex.o
 .debug_macro   0x000000000001d35d      0x1e7 Drivers/STM32G4xx_HAL_Driver/Src/stm32g4xx_hal_cortex.o
 .debug_macro   0x000000000001d544      0x1e7 Drivers/STM32G4xx_HAL_Driver/Src/stm32g4xx_hal_dma.o
 .debug_macro   0x000000000001d72b      0x21f Drivers/STM32G4xx_HAL_Driver/Src/stm32g4xx_hal_gpio.o
 .debug_macro   0x000000000001d94a      0x1ed Drivers/STM32G4xx_HAL_Driver/Src/stm32g4xx_hal_iwdg.o
 .debug_macro   0x000000000001db37      0x211 Drivers/STM32G4xx_HAL_Driver/Src/stm32g4xx_hal_pwr_ex.o
 .debug_macro   0x000000000001dd48      0x223 Drivers/STM32G4xx_HAL_Driver/Src/stm32g4xx_hal_rcc.o
 .debug_macro   0x000000000001df6b      0x211 Drivers/STM32G4xx_HAL_Driver/Src/stm32g4xx_hal_rcc_ex.o
 .debug_macro   0x000000000001e17c      0x1ef Drivers/STM32G4xx_HAL_Driver/Src/stm32g4xx_hal_tim.o
 .debug_macro   0x000000000001e36b      0x1ed Drivers/STM32G4xx_HAL_Driver/Src/stm32g4xx_hal_tim_ex.o
 .debug_macro   0x000000000001e558      0x229 Drivers/STM32G4xx_HAL_Driver/Src/stm32g4xx_ll_gpio.o
 .debug_macro   0x000000000001e781      0x164 Drivers/STM32G4xx_HAL_Driver/Src/stm32g4xx_ll_gpio.o
 .debug_macro   0x000000000001e8e5      0x251 Src/main.o
 .debug_macro   0x000000000001eb36      0x16a Src/main.o
 .debug_macro   0x000000000001eca0      0x156 Src/main.o
 .debug_macro   0x000000000001edf6      0x1a7 Src/main.o
 .debug_macro   0x000000000001ef9d       0x84 Src/main.o
 .debug_macro   0x000000000001f021      0x63e Src/main.o
 .debug_macro   0x000000000001f65f      0x24e Src/main.o
 .debug_macro   0x000000000001f8ad      0x251 Src/stm32g4xx_hal_msp.o
 .debug_macro   0x000000000001fafe      0x25b Src/stm32g4xx_it.o
 .debug_macro   0x000000000001fd59      0x1ed Src/system_stm32g4xx.o

.debug_line     0x0000000000000000     0xd273
 .debug_line    0x0000000000000000      0x9a1 Drivers/STM32G4xx_HAL_Driver/Src/stm32g4xx_hal.o
 .debug_line    0x00000000000009a1     0x14e5 Drivers/STM32G4xx_HAL_Driver/Src/stm32g4xx_hal_adc.o
 .debug_line    0x0000000000001e86     0x1201 Drivers/STM32G4xx_HAL_Driver/Src/stm32g4xx_hal_adc_ex.o
 .debug_line    0x0000000000003087      0xa29 Drivers/STM32G4xx_HAL_Driver/Src/stm32g4xx_hal_cortex.o
 .debug_line    0x0000000000003ab0      0x96c Drivers/STM32G4xx_HAL_Driver/Src/stm32g4xx_hal_dma.o
 .debug_line    0x000000000000441c      0x8a7 Drivers/STM32G4xx_HAL_Driver/Src/stm32g4xx_hal_gpio.o
 .debug_line    0x0000000000004cc3      0x736 Drivers/STM32G4xx_HAL_Driver/Src/stm32g4xx_hal_iwdg.o
 .debug_line    0x00000000000053f9      0xa8e Drivers/STM32G4xx_HAL_Driver/Src/stm32g4xx_hal_pwr_ex.o
 .debug_line    0x0000000000005e87      0x9e2 Drivers/STM32G4xx_HAL_Driver/Src/stm32g4xx_hal_rcc.o
 .debug_line    0x0000000000006869      0xb8c Drivers/STM32G4xx_HAL_Driver/Src/stm32g4xx_hal_rcc_ex.o
 .debug_line    0x00000000000073f5     0x1c69 Drivers/STM32G4xx_HAL_Driver/Src/stm32g4xx_hal_tim.o
 .debug_line    0x000000000000905e     0x10da Drivers/STM32G4xx_HAL_Driver/Src/stm32g4xx_hal_tim_ex.o
 .debug_line    0x000000000000a138      0x8e0 Drivers/STM32G4xx_HAL_Driver/Src/stm32g4xx_ll_gpio.o
 .debug_line    0x000000000000aa18      0xebf Src/main.o
 .debug_line    0x000000000000b8d7      0x93c Src/stm32g4xx_hal_msp.o
 .debug_line    0x000000000000c213      0x8c4 Src/stm32g4xx_it.o
 .debug_line    0x000000000000cad7      0x718 Src/system_stm32g4xx.o
 .debug_line    0x000000000000d1ef       0x84 Startup/startup_stm32g431kbux.o

.debug_str      0x0000000000000000    0xdb8ad
 .debug_str     0x0000000000000000    0xcac20 Drivers/STM32G4xx_HAL_Driver/Src/stm32g4xx_hal.o
                                      0xcbb1d (size before relaxing)
 .debug_str     0x00000000000cac20      0xf3c Drivers/STM32G4xx_HAL_Driver/Src/stm32g4xx_hal_adc.o
                                      0xcbfa1 (size before relaxing)
 .debug_str     0x00000000000cbb5c      0x76f Drivers/STM32G4xx_HAL_Driver/Src/stm32g4xx_hal_adc_ex.o
                                      0xcbf75 (size before relaxing)
 .debug_str     0x00000000000cc2cb      0x3eb Drivers/STM32G4xx_HAL_Driver/Src/stm32g4xx_hal_cortex.o
                                      0xcb831 (size before relaxing)
 .debug_str     0x00000000000cc6b6      0x2d3 Drivers/STM32G4xx_HAL_Driver/Src/stm32g4xx_hal_dma.o
                                      0xcb42a (size before relaxing)
 .debug_str     0x00000000000cc989      0x286 Drivers/STM32G4xx_HAL_Driver/Src/stm32g4xx_hal_gpio.o
                                      0xcb2d9 (size before relaxing)
 .debug_str     0x00000000000ccc0f       0xb8 Drivers/STM32G4xx_HAL_Driver/Src/stm32g4xx_hal_iwdg.o
                                      0xcaf6d (size before relaxing)
 .debug_str     0x00000000000cccc7      0x4c6 Drivers/STM32G4xx_HAL_Driver/Src/stm32g4xx_hal_pwr_ex.o
                                      0xcb54f (size before relaxing)
 .debug_str     0x00000000000cd18d      0x4e5 Drivers/STM32G4xx_HAL_Driver/Src/stm32g4xx_hal_rcc.o
                                      0xcb5e5 (size before relaxing)
 .debug_str     0x00000000000cd672      0x568 Drivers/STM32G4xx_HAL_Driver/Src/stm32g4xx_hal_rcc_ex.o
                                      0xcb6fe (size before relaxing)
 .debug_str     0x00000000000cdbda      0xffb Drivers/STM32G4xx_HAL_Driver/Src/stm32g4xx_hal_tim.o
                                      0xcc266 (size before relaxing)
 .debug_str     0x00000000000cebd5      0xa17 Drivers/STM32G4xx_HAL_Driver/Src/stm32g4xx_hal_tim_ex.o
                                      0xcbf04 (size before relaxing)
 .debug_str     0x00000000000cf5ec     0x18c1 Drivers/STM32G4xx_HAL_Driver/Src/stm32g4xx_ll_gpio.o
                                      0xcc8fd (size before relaxing)
 .debug_str     0x00000000000d0ead     0xa801 Src/main.o
                                      0xd7d16 (size before relaxing)
 .debug_str     0x00000000000db6ae       0x80 Src/stm32g4xx_hal_msp.o
                                      0xd724c (size before relaxing)
 .debug_str     0x00000000000db72e       0xfc Src/stm32g4xx_it.o
                                      0xd6bdb (size before relaxing)
 .debug_str     0x00000000000db82a       0x52 Src/system_stm32g4xx.o
                                      0xcb067 (size before relaxing)
 .debug_str     0x00000000000db87c       0x31 Startup/startup_stm32g431kbux.o
                                         0x71 (size before relaxing)

.comment        0x0000000000000000       0x7b
 .comment       0x0000000000000000       0x7b Drivers/STM32G4xx_HAL_Driver/Src/stm32g4xx_hal.o
                                         0x7c (size before relaxing)
 .comment       0x000000000000007b       0x7c Drivers/STM32G4xx_HAL_Driver/Src/stm32g4xx_hal_adc.o
 .comment       0x000000000000007b       0x7c Drivers/STM32G4xx_HAL_Driver/Src/stm32g4xx_hal_adc_ex.o
 .comment       0x000000000000007b       0x7c Drivers/STM32G4xx_HAL_Driver/Src/stm32g4xx_hal_cortex.o
 .comment       0x000000000000007b       0x7c Drivers/STM32G4xx_HAL_Driver/Src/stm32g4xx_hal_dma.o
 .comment       0x000000000000007b       0x7c Drivers/STM32G4xx_HAL_Driver/Src/stm32g4xx_hal_gpio.o
 .comment       0x000000000000007b       0x7c Drivers/STM32G4xx_HAL_Driver/Src/stm32g4xx_hal_iwdg.o
 .comment       0x000000000000007b       0x7c Drivers/STM32G4xx_HAL_Driver/Src/stm32g4xx_hal_pwr_ex.o
 .comment       0x000000000000007b       0x7c Drivers/STM32G4xx_HAL_Driver/Src/stm32g4xx_hal_rcc.o
 .comment       0x000000000000007b       0x7c Drivers/STM32G4xx_HAL_Driver/Src/stm32g4xx_hal_rcc_ex.o
 .comment       0x000000000000007b       0x7c Drivers/STM32G4xx_HAL_Driver/Src/stm32g4xx_hal_tim.o
 .comment       0x000000000000007b       0x7c Drivers/STM32G4xx_HAL_Driver/Src/stm32g4xx_hal_tim_ex.o
 .comment       0x000000000000007b       0x7c Drivers/STM32G4xx_HAL_Driver/Src/stm32g4xx_ll_gpio.o
 .comment       0x000000000000007b       0x7c Src/main.o
 .comment       0x000000000000007b       0x7c Src/stm32g4xx_hal_msp.o
 .comment       0x000000000000007b       0x7c Src/stm32g4xx_it.o
 .comment       0x000000000000007b       0x7c Src/system_stm32g4xx.o

.debug_frame    0x0000000000000000     0x5034
 .debug_frame   0x0000000000000000      0x4a0 Drivers/STM32G4xx_HAL_Driver/Src/stm32g4xx_hal.o
 .debug_frame   0x00000000000004a0      0xacc Drivers/STM32G4xx_HAL_Driver/Src/stm32g4xx_hal_adc.o
 .debug_frame   0x0000000000000f6c      0x81c Drivers/STM32G4xx_HAL_Driver/Src/stm32g4xx_hal_adc_ex.o
 .debug_frame   0x0000000000001788      0x498 Drivers/STM32G4xx_HAL_Driver/Src/stm32g4xx_hal_cortex.o
 .debug_frame   0x0000000000001c20      0x24c Drivers/STM32G4xx_HAL_Driver/Src/stm32g4xx_hal_dma.o
 .debug_frame   0x0000000000001e6c      0x14c Drivers/STM32G4xx_HAL_Driver/Src/stm32g4xx_hal_gpio.o
 .debug_frame   0x0000000000001fb8       0x5c Drivers/STM32G4xx_HAL_Driver/Src/stm32g4xx_hal_iwdg.o
 .debug_frame   0x0000000000002014      0x4fc Drivers/STM32G4xx_HAL_Driver/Src/stm32g4xx_hal_pwr_ex.o
 .debug_frame   0x0000000000002510      0x23c Drivers/STM32G4xx_HAL_Driver/Src/stm32g4xx_hal_rcc.o
 .debug_frame   0x000000000000274c      0x2ac Drivers/STM32G4xx_HAL_Driver/Src/stm32g4xx_hal_rcc_ex.o
 .debug_frame   0x00000000000029f8     0x1190 Drivers/STM32G4xx_HAL_Driver/Src/stm32g4xx_hal_tim.o
 .debug_frame   0x0000000000003b88      0x9f0 Drivers/STM32G4xx_HAL_Driver/Src/stm32g4xx_hal_tim_ex.o
 .debug_frame   0x0000000000004578      0x1c0 Drivers/STM32G4xx_HAL_Driver/Src/stm32g4xx_ll_gpio.o
 .debug_frame   0x0000000000004738      0x554 Src/main.o
 .debug_frame   0x0000000000004c8c      0x1a4 Src/stm32g4xx_hal_msp.o
 .debug_frame   0x0000000000004e30      0x160 Src/stm32g4xx_it.o
 .debug_frame   0x0000000000004f90       0x58 Src/system_stm32g4xx.o
 .debug_frame   0x0000000000004fe8       0x2c c:/st/stm32cubeide_1.0.2/stm32cubeide/plugins/com.st.stm32cube.ide.mcu.externaltools.gnu-tools-for-stm32.7-2018-q2-update.win32_1.0.0.201904181610/tools/bin/../lib/gcc/arm-none-eabi/7.3.1/../../../../arm-none-eabi/lib/thumb/v7e-m/fpv4-sp/hard\libc_nano.a(lib_a-init.o)
 .debug_frame   0x0000000000005014       0x20 c:/st/stm32cubeide_1.0.2/stm32cubeide/plugins/com.st.stm32cube.ide.mcu.externaltools.gnu-tools-for-stm32.7-2018-q2-update.win32_1.0.0.201904181610/tools/bin/../lib/gcc/arm-none-eabi/7.3.1/../../../../arm-none-eabi/lib/thumb/v7e-m/fpv4-sp/hard\libc_nano.a(lib_a-memset.o)
