stm32g4xx_ll_gpio.h:286:22:LL_GPIO_SetPinMode	40	static,ignoring_inline_asm
stm32g4xx_ll_gpio.h:924:22:LL_GPIO_ResetOutputPin	16	static
stm32g4xx_ll_bus.h:453:22:LL_AHB2_GRP1_EnableClock	24	static
main.c:187:6:map	24	static
main.c:198:6:phaseBPWM	8	static
main.c:210:6:phaseBFLOAT	8	static
main.c:222:6:phaseBLOW	8	static
main.c:237:6:phaseAPWM	8	static
main.c:248:6:phaseAFLOAT	8	static
main.c:260:6:phaseALOW	8	static
main.c:276:6:phaseCPWM	8	static
main.c:288:6:phaseCFLOAT	8	static
main.c:299:6:phaseCLOW	8	static
main.c:311:7:comStep	16	static
main.c:364:6:allOff	8	static
main.c:370:6:fullBrake	8	static
main.c:375:6:HAL_TIM_PeriodElapsedCallback	16	static
main.c:400:6:detectInput	16	static
main.c:460:6:computeProshotDMA	16	static
main.c:502:6:computeDshotDMA	4	static
main.c:553:6:computeServoInput	16	static
main.c:579:6:transferComplete	8	static
main.c:603:6:switchADCPhase	40	static
main.c:673:6:commutate	8	static
main.c:704:6:playStartupTune	8	static
main.c:719:6:playInputTune	8	static
main.c:736:6:zcfoundroutine	8	static
main.c:753:6:HAL_ADC_ConvCpltCallback	16	static
main.c:781:5:main	8	static
main.c:1059:6:SystemClock_Config	152	static
main.c:1113:13:MX_ADC1_Init	56	static
main.c:1178:13:MX_ADC2_Init	40	static
main.c:1235:13:MX_IWDG_Init	8	static
main.c:1264:13:MX_TIM1_Init	104	static
main.c:1357:13:MX_TIM2_Init	40	static
main.c:1402:13:MX_TIM4_Init	48	static
main.c:1450:13:MX_TIM8_Init	112	static
main.c:1520:13:MX_TIM16_Init	24	static
main.c:1564:13:MX_DMA_Init	16	static
main.c:1583:13:MX_GPIO_Init	32	static
main.c:1633:6:Error_Handler	4	static
